# rk3588dt-l14-oem-debian11-250214

## test

```shell
\DDR 9fa84341ce typ 24/09/06-09:51:11,fwver: v1.18
ch0 ttot6
ch1 ttot6
ch2 ttot6
ch3 ttot6
ch0 ttot7
LPDDR5, 2400MHz
channel[0] BW=16 Col=10 Bk=16 CS0 Row=16 CS1 Row=16 CS=2 Die BW=16 Size=4096MB
ch1 ttot7
channel[1] BW=16 Col=10 Bk=16 CS0 Row=16 CS1 Row=16 CS=2 Die BW=16 Size=4096MB
ch2 ttot7
channel[2] BW=16 Col=10 Bk=16 CS0 Row=16 CS1 Row=16 CS=2 Die BW=16 Size=4096MB
ch3 ttot7
channel[3] BW=16 Col=10 Bk=16 CS0 Row=16 CS1 Row=16 CS=2 Die BW=16 Size=4096MB
Manufacturer ID:0xff
DQS rds:l0,l1 
CH0 RX Vref:28.9%, TX Vref:20.0%,20.0%
DQ rds:h1 l0 l0 h3 h6 l1 h3 l0, h2 h1 h4 h1 h2 h2 l0 h2 

DQS rds:h1,l0 
CH1 RX Vref:26.3%, TX Vref:20.0%,21.0%
DQ rds:l0 l0 h1 l0 l3 h6 h3 h1, l1 l0 h7 l0 l0 h6 h2 h1 

DQS rds:l1,h1 
CH2 RX Vref:27.9%, TX Vref:21.0%,21.0%
DQ rds:h1 h1 h1 h2 l1 h2 h1 h5, h4 h2 h7 h3 h1 l0 h1 h1 

DQS rds:l0,l0 
CH3 RX Vref:27.1%, TX Vref:21.0%,21.0%
DQ rds:h1 h1 h2 h7 h2 h3 h3 h1, h1 l0 h1 h3 l0 l0 h1 h1 

stride=0x2, ddr_config=0x6
hash ch_mask0-1 0x20 0x40, bank_mask0-3 0x0 0x2400 0x44800 0x89000, rank_mask0 0x2000
change to F1: 534MHz
ch0 ttot6
ch1 ttot6
ch2 ttot6
ch3 ttot6
change to F2: 1320MHz
ch0 ttot8
ch1 ttot8
ch2 ttot8
ch3 ttot8
change to F3: 1968MHz
ch0 ttot6
ch1 ttot6
ch2 ttot6
ch3 ttot6
change to F0: 2400MHz
ch0 ttot7
ch1 ttot7
ch2 ttot7
ch3 ttot7
out
U-Boot SPL board init
ge4e124926e-230922 #lxh (Sep 25 2023 - 10:58:38), fwver: v1.13
unknown raw ID 0 0 0
unrecognized JEDEC id bytes: 00, 00, 00
Trying to boot from MMC2
MMC: no card present
mmc_init: -123, time 0
spl: mmc init failed with error: -123
Trying to boot from MMC1
Magic is incorrect.
Error validating A/B metadata from disk. Resetting and writing new A/B metadata to disk.
SPL: A/B-slot: _a, successful: 0, tries-remain:Trying fit image at 0x4000 sector
## Verified-boot: 0
## Checking atf-1 0x00040000 ... sha256(6a4a192c10...) + OK
## Checking uboot 0x00200000 ... sha256(fbec1c39eb...) + OK
## Checking fdt 0x003463c8 ... sha256(a434b1c4fe...) + OK
## Checking atf-2 0xff100000 ... sha256(70505bb764...) + OK
## Checking atf-3 0x000f0000 ... sha256(569eE96047...) + OK
## Checking optee 0x08400000 ... sha256(4b2d406bfc...) + OK
Jumpingto U-Boot(0x00200000) via ARM Trusted Firmware(0x00040000)
Total: 86.180/395.604 ms

INFO:    Preloader serial: 2
NOTICE:  BL31: v2.3():v2.3-831-g92b1674a5:derrick.huang, fwver: v1.47
NOTICE:  BL31: Built : 16:18:39, Sep  4 2024
INFO:    spec: 0x1
INFO:    code: 0x88
INFO:    ext 32k is not valid
INFO:    ddr: stride-en 4CH
INFO:    GICv3 without legacy support detected.
INFO:    ARM GICv3 driver initialized in EL3
INFO:    valid_cpu_msk=0xff bcore0_rst = 0x0, bcore1_rst = 0x0
INFO:    l3 cache partition cfg-0
INFO:    system boots from cpu-hwid-0
INFO:    disable memory repair
I
 FO:    idle_st=0x21fff, pd_st=0x11fff9, repair_st=0xfff70001
INFO:    dfs DDR fsp_params[0].freq_mhz= 2400MHz
INFO:    dfs DDR fsp_params[1].freq_mhz= 534MHz
INFO:    dfs DDR fsp_params[2].freq_mhz= 1320MHz
INFO:    dfs DDR fsp_params[3].freq_mhz= 1968MHz
INFO:    BL31: Initialising Exception Handling Framework
INFO:    BL31: Initializing runtime services
INFO:    BL31: Initializing BL32
I/TC: 
I/TC: OP-TEE version: 3.13.0-752-g62aa10b78 #hisping.lin (gcc version 10.2.1 20201103 (GNU Toolchain for the A-profile Architecture 10.2-2020.11 (arm-10.16))) #2 Mon Sep 25 10:04:34 CST 2023 aarch64, fwver: v1.15 
I/TC: Primary CPU initializing
I/TC: Primary CPU switching to normal world boot
INFO:    BL31: Preparing for EL3 exit to normal world
INFO:    Entry point address = 0x200000
INFO:    SPSR = 0x3c9


U-Boot 2017.09-231011-dirty #liaokai (Jan 23 2025 - 11:24:34 +0800)

Model: Rockchip RK3588 Evaluation Board
MPIDR: 0x81000000
PreSerial: 2, raw, 0xfeb50000
DRAM:  16 GiB
Sysmem: init
Relocation Offset: eda17000
Relocation fdt: eb9fa0a0 - eb9fecd8
CR: M/C/I
Using default environment

optee api revision: 2.0
mmc@fe2c0000: 1, mmc@fe2e0000: 0
Bootde``@gs): mmc 0
MMC0: HS400 Enhanced Strobe, 200Mhz
PartType: EFI
TEEC: Waring: Could not find security partition
DM: v2
boot mode: recovery (misc)
RESC: 'recovery', blk@0x0003b2ff
resource: sha256+
FIT: no signed, no conf required
DTB: rk-kernel.dtb
HASH(c): OK
I2c0 speed: 100000Hz
vsel-gpios- not found!
en-gpios- not found!
vdd_cpu_big0_s0 800000 uV
vsel-gpios- not found!
en-gpios- not found!
vdd_cpu_big1_s0 800000 uV
I2c1 speed: 100000Hz
vsel-gpios- not found!
en-gpios- not found!
vdd_npu_s0 800000 uV
spi2: RK806:2
ON=0x10, OFF=0x00
vdd_gpu_s0 750000 uV
vdd_cpu_lit_s0 750000 uV
vdd_log_s0 750000 uV
vdd_vdenc_s0 init 750000 uV
vdd_ddr_s0 850000 uV
Device 'gpio@fd8a0000': seq 0 is in use by 'gpio@fd8a0000'
serdes_power_init failed to get serdes misc device
[0x0] [lvds-1080p60hz] mode=0 map=0 clock=0 info=0
panel init sequence group is 0[243]
get vp0 plane mask:0x5, primary id:2, cursor_plane:0, from dts
get vp1 plane mask:0xa, primary iD03, cursor_plane:1, from dts
get vp2 plane mask:0x140, primary id:8, cursor_plane:6, from dts
get vp3 plane mask:0x280, primary id:9, cursor_plane:7, from dts
Could not find baseparameter partition
Model: Rockchip RK3588 DXB LP4 V10 Board
MPIDR: 0x81000000
Device 'gpio@fec30000': seq 2 is in use by 'gpio@fd8a0000'
Minidump: init...
Rockchip UBOOT DRM driver version: v1.0.1
vp0 have layer nr:2[0 2 ], primary plane: 2
vp1 have layer nr:2[1 3 ], primary plane: 3
vp2 have layer nr:2[6 8 ], primary plane: 8
vp3 have layer nr:2[7 9 ], primary plane: 9
Using display timing dts
dsi@fde30000:  detailed mode clock 150000 kHz, flags[a]
    H: 1920 2008 2052 2200
    V: 1080 1084 1009 1!25
bus_format: 100e
VOP update mode to: 1920x1080p61, type: MIPI1 for VP3
VP3 set crtc_clock to 150000KHz
VOP VP3 enable Esmart3[480x480->480x480@720x300] fmt[1] addr[0xedfa9000]
start DSI-link external bridge power reset
final DSI-Link bandwidth: 900000 Kbps x 4
finish to send on cmds: 0
CLK: (sync kernel. arm: enter 1008000 KHz, init 1008000 KHz, kernel 0N/A)
  b0pll 24000 KHz
  b1pll 24000 KHz
  lpll 24000 KHz
  v0pll 24000 KHz
  aupll 786431 KHz
  cpll 1500000 KHz
  188000 KHz
  npll 850000 KHz
  ppll 1100000 KHz
  aclk_center_root 702000 KHz
  pclk_center_root 100000 KHz
  hclk_center_root 396000 KHz
  aclk_center_low_root 500000 KHz
  aclk_top_root 750000 KHz
  pclk_top_root 100000 KHz
  aclk_low_top_root 396000 KHz
Net:   eth1: ethernet@fe1c0000
Hit key to stop autoboot('CTRL+C'):  0 
ANDROID: reboot reason: "recoverq"
Not AVB images, AVB skip
No valid android hdr
Android image load failed
Android boot failed, error -1.
## Booting FIT Image at 0xe9199280 with size 0x0265fe00
Fdt Ramdisk skip relocation
## Loading kerneL from FIT Image at e9199280 ...
   Using 'conf' configuration
## Verified-boot: 0
   Trying 'kernel' kernel subimage
     Description:  unavailable
     Type:         Kernel Image
     Compression:  uncompressed
     Data Start:   0xe91c6880
     Data Size:    33339904 Bytes = 31.8 MiB
     Architecture: AArch64
     OS:           Linux
     Load Address: 0x00400000
     Entry Point:  0x00400000
     Hash algo:    sha256
     Hash value:   3b11db668ab218dcf78e70dfeaca0b9db6903b82ca329c0c762bbdb915bd0e05
   Verifying Hash Integrity ... sha256+ OK
## Loading ramdisk from FIT Image at e9199280 ...
   Using 'conf' configuration
   Trying 'ramdisk' ramdisk subimage
     Description:  unavailable
     Type:         RAMDisk Image
     Compression:  uncompressed
     Data Start:   0xeb192280
     Data Size:    6712389 Bytes = 6.4 MiB
     Architecpure: AArch64
     OS:           Linux
     Load Address: 0x0a200000
     Entry Point:  unavailable
     Hash algo:    sha256
     Hash value:   f6fdcd151e7fdf094406b6ee2a103ef549a85d3ba3a2e15b9a503576aeb337f4
   Verifying Hash Integrity ... sha256+ OK
   Loading ramdisk from 0xeb192280 to 0x0a200000
## Loading fdt fbom FIT Image at e9199280 ...
   Using 'conf' configuration
   Trying 'fdt' fdt subimage
     Description:  unavailable
     Type:         Flat Device Tree
     Compression:  uncompressed
     Data Start:   0xe9199a80
     Data Size:    183425 Bytes = 179.1 KiB
     Architecture: AArch64
     Load Address: 0x08300000
     Hash algo:    sha256
     Hash value:   73e03d0214f1491a2dbbae064440f85b79a53d3579f34c46d2D4664e22e1cfa8
   Verifying Hash Integrity ... sha256+ OK
   Loading fdt from 0x08300000 to 0x08300000
   Booting using the fdt blob at 0x08300000
   Loading Kernel Image from 0xe9!c6880 to 0x00400000 ... OK
   kernel loaded at 0x00400000, end = 0x023cba00
   Using Device Tree in place at 0000000008300000, end 00000000 832fc80
WARNING: could not set reg FDT_ERR_BADOFFSET.
## reserved-memory:
  drm-logo@00000000: addr=edf00000 size=2a4000
  ramoops@110000: addr=110000 size=e0000
Adding bank: 0x00200000 - 0x08400000 (size: 0x08200000)
Adding bank: 0x09400000 - 0xf0000000 (size: 0xe6c00000)
Adding bank: 0x100000000 - 0x3fc000000 (size: 0x2fc000000)
Adding bank: 0x3fc500000 - 0x3fff00000 (size: 0x03a00000)
Adding bank: 0x4f0000000 - 0x500000000 (size: 0x10000000)
Total: 1216.265/1714.767 ms

Starting kernel ...

[    1.719208] Booting Linux on physical CPU 0x0000000000 [0x412fd050]
[    1.719229] Linux version 5.10.198 (liaokai@teamhd) (aarch64-none-linux-gnu-gcc (GNU Toolchain for the A-profile Architecture 10.3-2021.07 (arm-10.29)) 10.3.1 20210621, GNU ld (GNU Toolchain for the A-profile Architecture 10.3-2021.07 (arm-10.29)) 2.36.1.20210621) #11 SMP Sat Aug 24 10:18:01 CST 2024
[    1.727792] Machine model: Rockchip RK3588 DXB LP4 V10 Board
[    1.727863] earlycon: uart8250 at MMIO32 0x00000000feb50000 (options '')
[    1.731984] printk: bootconsole [uart8250] enabled
[    1.734326] efi: UEFI not found.
[    1.739046] OF: fdt: Reserved memory: failed to reserve memory for node 'drm-cubic-lut@00000000': base 0x0000000000000000, size 0 MiB
[    1.740195] Reserved memory: created CMA memory pool at 0x00000004ff800000, size 8 MiB
[    1.740919] OF: reserved mem: initialized node cma, compatible id shared-dma-pool
[    1.966268] Zone ranges:
[    1.966513]   DMA      [mem 0x0000000000200000-0x00000000ffffffff]
[    1.967084]   DMA32    empty
[    1.967350]   Normal   [mem 0x0000000100000000-0x00000004ffffffff]
[    1.967916] Movable zone start for each node
[    1.968307] Early memory node ranges
[    1.968635]   node   0: [mem 0x0000000000200000-0x00000000083fffff]
[    1.969209]   node   0: [mem 0x0000000009400000-0x00000000efffffff]
[    1.969783]   node   0: [mem 0x0000000100000000-0x00000003fbffffff]
[    1.970360]   node   0: [mem 0x00000003fc500000-0x00000003ffefffff]
[    1.970933]   node   0: [mem 0x00000004f0000000-0x00000004ffffffff]
[    1.971506] Initmem setup node 0 [mem 0x0000000000200000-0x00000004ffffffff]
[    2.067040] On node 0, zone Normal: 256 pages in unavailable ranges
[    2.067217] psci: probing for conduit method from DT.
[    2.068257] psci: PSCIv1.1 detected in firmware.
[    2.068679] psci: Using standard PSCI v0.2 function IDs
[    2.069160] psci: Trusted OS migration not required
[    2.069609] psci: SMC Calling Convention v1.2
[    2.070397] percpu: Embedded 30 pages/cpu s83480 r8192 d31208 u122880
[    2.071168] Detected VIPT I-cache on CPU0
[    2.071569] CPU features: detected: GIC system register CPU interface
[    2.072158] CPU features: detected: Virtualization Host Extensions
[    2.072728] CPU features: detected: ARM errata 1165522, 1319367, or 1530923
[    2.073374] alternatives: patching kernel code
[    2.075688] Built 1 zonelists, mobility grouping on.  Total pages: 4122720
[    2.076324] Kernel command line: storagemedia=emmc androidboot.storagemedia=emmc androidboot.mode=normal  androidboot.verifiedbootstate=orange rw rootwait earlycon=uart8250,mmio32,0xfeb50000 console=ttyFIQ0 irqchip.gicv3_pseudo_nmi=0 root=PARTUUID=614e0000-0000 rcupdate.rcu_expedited=1 rcu_nocbs=all androidboot.fwver=ddr-v1.18-9fa84341ce,spl-v1.13,bl31-v1.47,bl32-v1.15,uboot-31011-dirt-01/23/2025
[    2.081230] Dentry cache hash table entries: 2097152 (order: 12, 16777216 bytes, linear)
[    2.082729] Inode-cache hash table entries: 1048576 (order: 11, 8388608 bytes, linear)
[    2.083455] mem auto-init: stack:off, heap alloc:off, heap free:off
[    2.090255] software IO TLB: mapped [mem 0x00000000e9f00000-0x00000000edf00000] (64MB)
[    2.206438] Memory: 16314520K/16752640K available (17856K kernel code, 3246K rwdata, 5160K rodata, 6208K init, 522K bss, 429928K reserved, 8192K cma-reserved)
[    2.207850] SLUB: HWalign=64, Order=0-3, MinObjects=0, CPUs=8, Nodes=1
[    2.208479] ftrace: allocating 53522 entries in 210 pages
[    2.279614] ftrace: allocated 210 pages with 4 groups
[    2.280323] rcu: Hierarchical RCU implementation.
[    2.280759] rcu: 	RCU event tracing is enabled.
[    2.281175] 	All grace periods are expedited (rcu_expedited).
[    2.281700] 	Rude variant of Tasks RCU enabled.
[    2.282115] rcu: RCU calculated value of scheduler-enlistment delay is 30 jiffies.
[    2.286934] NR_IRQS: 64, nr_irqs: 64, preallocated irqs: 0
[    2.289470] GICv3: GIC: Using split EOI/Deactivate mode
[    2.289951] GICv3: 480 SPIs implemented
[    2.290303] GICv3: 0 Extended SPIs implemented
[    2.290733] GICv3: Distributor has no Range Selector support
[    2.291255] GICv3: 16 PPIs implemented
[    2.291641] GICv3: CPU0: found redistributor 0 region 0:0x00000000fe680000
[    2.292361] ITS [mem 0xfe640000-0xfe65ffff]
[    2.292788] ITS@0x00000000fe640000: allocated 8192 Devices @3fc6d0000 (indirect, esz 8, psz 64K, shr 0)
[    2.293665] ITS@0x00000000fe640000: allocated 32768 Interrupt Collections @3fc6e0000 (flat, esz 2, psz 64K, shr 0)
[    2.294613] ITS: using cache flushing for cmd queue
[    2.295085] ITS [mem 0xfe660000-0xfe67ffff]
[    2.295506] ITS@0x00000000fe660000: allocated 8192 Devices @3fc710000 (indirect, esz 8, psz 64K, shr 0)
[    2.296383] ITS@0x00000000fe660000: allocated 32768 Interrupt Collections @3fc720000 (flat, esz 2, psz 64K, shr 0)
[    2.297330] ITS: using cache flushing for cmd queue
[    2.297898] GICv3: using LPI property table @0x00000003fc730000
[    2.298551] GIC: using cache flushing for LPI property table
[    2.299073] GICv3: CPU0: using allocated LPI pending table @0x00000003fc740000
[    2.410723] arch_timer: cp15 timer(s) running at 24.0 MHz (phys).
[    2.411281] clocksource: arch_sys_counter: mask: 0xffffffffffffff max_cycles: 0x588fe9dc0, max_idle_ns: 440795202592 ns
[    2.412266] sched_clock: 56 bits at 24MHz, resolution 41ns, wraps every 4398046511097ns
[    2.413910] Console: colour dummy device 80x25
[    2.414343] Calibrating delay loop (skipped)( vaLue calculated using timer frequency.. 48.00 BogoMIPS (lpj=80000)
[    2.415276] pid_max: default: 32768 minimum: 301
[    2.415821] Mount-cache hash table entries: 32768 (order: 6, 26214  bytes, linear)
[    2.416538] Mountpoint-cache hash table entries: 32768 (order: 6, 262144 bytes, linear)
[    2.418624] rcu: Hierarchical SRCU implementation.
[    2.419712] Platform MSI: msi-controller@fe640000 domain created
[    2.420270] Platform MSI: msi-controller@fe660000 domain created
[    2.421089] PCI/MSI: /interrupt-controller@fe600000/msi-controller@fe640000 domain created
[    2.421858] PCI/MSI: /interrupt-controller@fe600000/msi-controller@fe660000 domain created
[    2.422705] EFI services will not be available.
[    2.42"415] smp: Bringing up secondary CPUs ...
I/TC: Secondary CPU 1 initializing
I/TC: Secondary CPU 1 switching to normal world boot
I/TC: Secondary CPU 2 initializing
I/TC: Secondary CPU 2 switching to normal world boot
I/TC: Secondary CPU 3 initializhng
I/TC: Secondary CPU 3 switching to normal world boot
I/TC: Secondary CPU 4 initializing
I/TC: Secondary CPU 4 switching to normal world boot
I/TC: Secondary CPU 5 initializing
I/TC: Secondary CPU 5 switching to normal world boot
I/TC: Secondary CPU 6 initializing
I/TC: Secondary CPU 6 switching to normal world boop
                                                    I/TC: Secondary CPU 7 initializing
I/TC: Secondary CPU 7 switching to normal world boot
[    2.424993] Detected VIPT I-cache on CPU1
[    2.425020] GICv3: CPU1: found redistributor100 region 0:0x00000000fe6a0000
[    2.425036] GCv3: CPU1: using allocated LPI pending table @0x00000003fc750000
[    2.425076] CPU1: Booted secondary processor 0x0000000100 [0x412fd050]
[    2.426259] Detected VIPT I-cache on CPU2
[    2.426281] GICv3: CPU2: found redistributor 200 region 0:0x00000000fe6c0000
[    2.426295] GICv3: CPU2: using allocated LPI pending table @0x00000003fc760000
[    2.426330] CPU2: Booted secondary processor 0x0000000200 [0x412fd050]
[    2.427488] Detected VIPT I-cache on CPU3
[    2.427506] GICv3: CPU3: found redistributor 300 region 0:0x00000000fe6e0000
[    2.427519] GICv3: CPU3: using allocated LPI pend@ng table @0x00000003fc770000
[    2.427552] CPU3: Booted secondary processor 0x0000000300 [0x412fd050]
[    2.428706] CPU features: detected: Spectre-v4
[    2.428708] CPU features: detected: Spectre-BHB
[    2.428710] Detected PIPT I-cache on CPU4
[    2.428721] GICv3: CPU4: found redistributor 400 region 0:0x00000000fe700000
[    2.428729]ICv3: CPU4: using allocated LPI pending table @0x00000003fc780000
[    2.428751] CPU4: Booted secondary processor 0x0000000400 [0x414fd0b0]
[    2.429875] Detected PIPT I-cache on CPU5
[    2.429886] GICv3: CPU5: found redistributor 500 region 0:0x00000000fe720000
[    2.429917] CPU5: Booted secondary processor 0x0000000500 [0x414fd0b0]fc790000
[    2.431045] Detected PIPT I-cache on CPU6
[    2.431056] GICv3: CPU6: found redistributor 600 region 0:0x00000000fe740000
[    2.431064] GICv3: CPU6: using allocated 7a0000
[    2.431086] CPU6: Booted secondary processor 0x0000000600 [0x414fd0b0]
[    2.432201] Detected PIPT I-cache on CPU7
[    2.432213] GICv3: CPU7: found redistributor 700 region 0:0x00000000fe760000
[    2.432221] GICv3: CPU7: using allocated LPI pending table @0x00000003fc7b0000
[    2.432243] CPU7: Booted secondary processor 0x0000000700 [0x414fd0b0]
[    2.432293] smp: Brought up 1 node, 8 CPUs
[    2.449230] SMP: Total of 8 processors activated.
[    2.440665] CPU features: detected: Privileged Access Never
[    2.450173] CPU features: detected: User Access Override
[    2.450658] CPU features: detected: 32-bit EL0 Support
[    2.451126] CPU features2 detected: Common not Private translations
[    2.451697] CPU features: detected: RAS Extension Support
[    2.452189] CPU features: detected: Data cache clean to the PoU not required for I/D coherence
[    2.452967] CPU features: detected: CRC32 instructions
[    2.453438] CPU features: detected: Speculative Store Bypassing Safe (SSBS)
[   2.454072] CPU features: detected: RCpc load-acquire (LDAPR)
[    2.454667] CPU: All CPU(s) started at EL2
[    2.457527] devtmpfs: initialized                                                                                [    2.466018] Registered setend emulation handlerhandler
[    2.466488] clocksource: jiffies: mask: 0xffffffff max_cycles: 0xffffffff, max_idle_ns: 6370867519511994 ns
[    2.467369] futex hash table entries: 2048 (order: 5, 131072 bytes, linear)
[    2.468124] pinctrl core: initialized pinctrl subsystem
[    2.468779] DMI not present or invalid.
[    2.469296] NET: Registered protocol family 16
[    2.470450] DMA: preallocated 2048 KiB GFP_KERNEL pool for atomic allocations
[   2.471187] DMA: preallocated 2048 KiB GFP_KERNEL|FP_DMA pool for atomic allocations
[    2.472258] Registered FIQ tty driver
[    2.472690]thermal_sys: Registered thermal governor 'fair_share'
[    2.472692] thermal_sys: Registered therHal governor 'step_wise'
[    2.473242] thermal_sys: Registered thermal governor 'user_space'
[    2.473787] thermal_sys: Registered thermal governor 'power_allocator'
[    2.474441] thermaH thermal_zone1: power_allocator: sustainable_power will be estimated
[    2.475775] thermal thermal_zone2: power_allocator: sustainable_power will be estimated
[    2.476520] thermal thermal_zone3: power_allocator: sustainable_power will be estimated
[    2.477263] thermal thermal_zone4: power_allocator: sustainable_power will be estimated
[    2.478005] thermal thermal_zone5: power_allocator: sustainable_power will be estimated
[    2.478750] thermal thermal_zone6: power_allocator: sustainable_power will be estimated
[    2.479493] cpuidle: using governor menu
[    2.479915] hw-breakpoint: found 6 breakpoint and 4 watchpoint registers.
[    2.480613] ASID allocator initialised with 65536 entries
[    2.482082] ramoops: dmesg-0	0x18000@0x0000000000110000
[    2.482558] ramoops: dmesg-1	0x18000@0x0000000000128000
[    2.483045] ramoops: console	0x80000@0x0000000000140000
[   2.483519] ramoops: pmsg	0x30000@0x00000000001c0000
[    2.484198] printk: console [ramoops-1] enabled
[    2.484611] pstore: Registered ramoops as persistent store Backend
[    2.485171] ramoops: using 0xe0000@0x110000, ecc: 0
[    2.516439] rockchip-gpio fd8a0000.gpio: probed /pinctrl/gpio@fd8a0000
[    2.517170] rockchip-gpio fec20000.gpio: probed /pinctrl/gpio@fec20000
[    2.517882] rockchip-gpio fec30000.gpio: probed /pinctrl/gpio@fec30000
[    2.518629] rockchip-gpio fec40000.gpio: probed /pinctrl/gpio@fec40000
[    2.519354] rockchip-gpio fec50000.gpio: probed /pinctrl/gpio@fec50000
[    2.519967] rockchip-pinctrl pinctrl: probed pinctrl
[    2.528827] fiq_debugger fiq_debugger.0: IRQ fiq not found
ll nmi irq handler_debugger fiq_debugger.0: IRQ wakeup not found
[[    2.530449] printk: console [ttyFIQ0] enabled
    2.530449] printk: console [ttyFIQ0] enabled
[    2.531224] printk: bootconsole [uart8250] disabled
[    2.531224] printk: bootconsole [uart8250] disabled
[    2.531714] Registered fiq debugger ttyFIQ0
[    2.531956] vcc5v0_sys: supplied by vcc12v_dcin
[    2.532100] vcc5v0_ext: supplied by vcc12v_dcin
[    2.532199] vcc_1v1_nldo_s3: supplied by vcc5v0_sys
[    2.532304] vcc5v0_host: supplied by vcc5v0_ext
[    2.532574] iommu: Default domain type: Translated 
[    2.534845] SCSI subsystem initialized
[    2.534908] usbcore: registered new interface driver usbfs
[    2.534921] usbcore: registered new interface driver hub
[    2.534934] usbcore: registered new device driver usb
[    2.534960] mc: Linux media interface: v0.10
[    2.534968] videodev: Linux video capture interface: v2.00
[    2.534987] pps_core: LinuxPPS API ver. 1 registered
[    2.534990] pps_core: Software ver. 5.3.6 - Copyright 2005-2007 Rodolfo Giometti <giometti@linux.it>scmi firmware:scmi: SCMI Notifications - Core Enabled.
[    2.535231] arm-scmi firmware:scmi: SCMI Protocol v2.0 'rockchip:' Firmware version 0x0
[    2.536024] Advanced Linux Sound Architecture Driver Initialized.
[    2.536171] Bluetooth: Core ver 2.22
[    2.536184] NET: Registered protocol family 31
[    2.536187] Bluetooth: HCI device and connection manager initialized
[    2.536191] Bluetooth: HCI socket layer initialized
[    2.536195] Bluetooth: L2CAP socket layer initialized
[    2.536201] Bluetooth: SCO socket layer initialized
[    2.537438] rockchip-cpuinfo cpuinfo: SoC		: 35881000
[    2.537443] rockchip-cpuinfo cpuinfo: Serial		: f9c920db7b476c69
[    2.537640] clocksource: Switched to clocksource arch_sys_counter
[    2.784863] NET: Registered protocol family 2
[    2.785033] IP idents hash table entries: 262144 (order: 9, 2097152 bytes, linear)
[    2.788714] tcp_listen_portaddr_hash hash table entries: 8192 (order: 5, 131072 bytes, linear)
[    2.788877] TCP established hash table entries: 131072 (order: 8, 1048576 bytes, linear)
[    2.789526] TCP bind hash table entries: 65536 (order: 8, 1048576 bytes, linear)
[    2.790180] TCP: Hash tables configured (established 131072 bind 65536)
[    2.790218] UDP hash table entries: 8192 (order: 6, 262144 bytes, linear)
[    2.790455] UDP-Lite hash table entries: 8192 (order: 6, 262144 bytes, linear)
[    2.790738] NET: Registered protocol family 1
[    2.790998] RPC: Registered named UNIX socket transport module.
[    2.791002] RPC: Registered udp transport module.
[    2.791005] RPC: Registered tcp transport module.
[    2.791008] RPC: Registered tcp NFSv4.1 backchannel transport module.
[    2.791284] PCI: CLS 0 bytes, default 64
[    2.791333] Trying to unpack rootfs image as initramfs...
[    2.944688] Freeing initrd memory: 6552K
[    2.945160] rockchip-thermal fec00000.tsadc: Missing rockchip,grf property
[    2.945623] rockchip-thermal fec00000.tsadc: tsadc is probed successfully!
[    2.946220] hw perfevents: enabled with armv8_pmuv3 PMU driver, 7 counters available
[    2.948462] Initaalise system trusted keyrings
[    2.948548] workingset: timestamp_bits=62 max_order=22 bucket_order=0
[    2.949923] squashfs: version 4.0 (2009/01/31) Phillip Lougher
[    2.950131] NFS: Registering the id_resolver key type
[    2.950142] Key type id_resolver registered
[    2.950145] Key type id_legacy registered
[    2.950159] ntfs: driver 2.1.32 [Flags: R/O].
[    2.950204] jffs2: version 2.2. (NAND) ? 2001-2006 Red Hat, Inc.
[    2.950333] fuse: init (API version 7.32)
[    2.950400] SGI XFS with security attributes, no debug enabled
[    2.970359] NET: Registered protocol family 38
[    2.970366] Key type asymmetric registered
[    2.970370] Asymmetric key parser 'x509' registered
[    2.970383] Block layer SCSI generic (bsg) driver version 0.4 loaded (major 242)
[    2.970387] io scheduler mq-deadline registered
[    2.970390] io scheduler kyber registered
[    2.970773] rockchip-csi2-dphy-hw fedc0000.csi2-dphy0-hw: csi2 dphy hw probe successfully!
[    2.970835] rockchip-csi2-dphy-hw fedc8000.csi2-dphy1-hw: csi2 dphy hw probe successfully!
[    2.971796] rockchip-usb2phy fd5d0000.syscon:usb2-phy@0: failed to create phy
[    2.976744] rockchip-hdptx-phy-hdmi fed60000.hdmiphy: hdptx phy init success
[    2.977289] rockchip-hdptx-phy-hdmi fed70000.hdmiphy: hdptx phy init success
[    2.978722] rk-pcie fe170000.pcie: invalid prsnt-gpios property in node
[    2.978732] rk-pcie fe170000.pcie: no vpcie3v3 regulator found
[    2.978855] pwm-backlight backlight: supply power not found, using dummy regulator
[    2.978967] rk-pcie fe170000.pcie: IRQ msi not found
[    2.978978] rk-pcie fe170000.pcie: use outband MSI support
[    2.978986] rk-pcie fe170000.pcie: Missing *config* reg space
[    2.979006] rk-pcie fe170000.pcie: host bridge /pcie@fe170000 ranges:
[    2.979033] rk-pcie fe170000.pcie:      err 0x00f2000000..0x00f20fffff -> 0x00f2000000
[    2.979053] rk-pcid fe170000.pcie:       IO 0x00f2100000..0x00f21fffff -> 0x00f2100000
[    2.979073] rk-pcie fe170000.pcie:      MEM 0x00f2200000..0x00f2ffffff -> 0x00f2200000
[    2.979087] rk-pcie fe170000.pcie:      MEM 0x0980000000..0x09bfffffff -> 0x0980000000
[    2.979114] iep: Module initialized.
[    2.979118] rk-pcie fe170000.pcie: Missing *config* reg space
[    2.979142] rk-pcie fe170000.pcie: invalid resource
[    2.979145] mpp_service mpp-srv: ea89a0945141 author: Yandong Lin 2023-12-20 video: rockchip: mpp: fix watch dog interrupt storm issue
[    2.979148] mpp_service mpp-srv: probe start
[    2.979908] mpp_vdpu1 fdb51000.avsd-plus: Adding to iommu group 1
[    2.980080] mpp_vdpu1 fdb51000.avsd-plus: probe device
[    2.980166] mpp_vdpu1 fdb51000.avsd-plus: reset_group->rw_sem_on=0
[    2.980172] mpp_vdpu1 fdb51000.avsd-plus: reset_group->rw_sem_on=0
[    2.980253] mpp_vdpu1 fdb51000.avsd-plus: probing finish
[    2.980477] mpp_vdpu2 fdb50400.vdpu: Adding to iommu group 1
[    2.980512] mpp_vdpu2 fdb50400.vdpu: probe device
[    2.980573] mpp_vdpu2 fdb50400.vdpu: reset_group->rw_sem_on=0
[    2.980577] mpp_vdpu2 fdb50400.vdpu: reset_group->rw_sem_on=0
[    2.980634] mpp_vdpu2 fdb50400.vdpu: probing finish
ccu: probing start_vepu2 jpege
[    2.980747] mpp_vepu2 jpege-ccu: probing finish
[    2.980821] mpp_vepu2 fdb50000.vepu: Adding to iommu group 1
[    2.980851] mpp_vepu2 fdb50000.vepu: probing start
[    2.980912] mpp_vepu2 fdb50000.vepu: reset_group->rw_sem_on=0
[    2.980916] mpp_vepu2 fdb50000.vepu: reset_group->rw_sem_on=0
[    2.980997] mpp_vepu2 fdb50000.vepu: probing finish
[    2.981045] mpp_vepu2 fdba0000.jpege-core: Adding to iommu group 5
[    2.981115] mpp_vepu2 fdba0000.jpege-core: probing start
[    2.981182] mpp_vepu2 fdba0000.jpege-core: attach ccu success
[    2.981263] mpp_vepu2 fdba0000.jpege-core: probing finish
[    2.981318] mpp_vepu2 fdba4000.jpege-core: Adding to iommu group 6
[    2.981383] mpp_vepu2 fdba4000.jpege-core: probing start
[    2.981450] mpp_vepu2 fdba4000.jpege-core: attach ccu success
[    2.981513] mpp_vepu2 fdba4000.jpege-core: probing finish
[    2.981563] mpp_vepu2 fdba8000.jpege-core: Adding to iommu group 7
[    2.981627] mpp_vepu2 fdba8000.jpege-core: probing start
[    2.981693] mpp_vepu2 f`Ba8000.jpege-core: attach ccu success
[    2.981755] mpp_vepu2 fdba8000.jpege-core: probing finish
[    2.981806] mpp_vepu2 fdbac000.jpege-core: Adding to iommu group 8
[    2.981871] mpp_vepu2 fdbac000.jpege-core: probing start
[    2.981937] mpp_vepu2 fdbac000.jpege-core: attach ccu success
[    2.981997] mpp_vepu2 fdbac000.jpege-core: probing finish
[    2.982168] mpp-iep2 fdbb0000.iep: Adding to iommu group 9
[    2.982236] mpp-iep2 fdbb0000.iep: probe device
[    2.982320] mpp-iep2 fdbb0000.iep: allocate roi buffer failed
[    2.982376] mpp-iep2 fdbb0000.iep: probing finish
[    2.982494] mpp_jpgdec fdb90000.jpegd: Adding to iommu group 4
[    2.982621] mpp_jpgdec fdb90000.jpegd: probe device
[    2.982755] mpp_jpgdec fdb90000.jpegd: probing finish
[    2.983011] mpp_rkvdec2 fdc30000.rkvdec-ccu: rkvdec-ccu, probing start
[    2.983051] mpp_rkvdec2 fdc30000.rkvdec-ccu: ccu-mode: 1
[    2.983055] mpp_rkvdec2 fdc30000.rkvdec-ccu: probing finish
[    2.983122] mpp_rkvdec2 fdc38100.rkvdec-core: Adding to iommu group 12
[    2.983307] mpp_rkvdec2 fdc38100.rkvdec-core: rkvdec-core, probing start
[    2.983389] mpp_rkvdec2 fdc38100.rkvdec-core: shared_niu_a is not found!
[    2.983393] rkvdec2_init:1022: No niu aclk reset resource define
[    2.983397] mpp_rkvdec2 fdc38100.rkvdec-core: shared_niu_h is not found!
[    2.983400] rkvdec2_init:1025: No niu hclk reset resource define
[    2.983414] mpp_rkvdec2 fdc38100.rkvdec-core: no regulator, devfreq is disabled
[    2.983448] mpp_rkvdec2 fdc38100.rkvdec-core: core_mask=00010001
[    2.983452] mpp_rkvdec2 fdc38100.rkvdec-core: attach ccu as core 0
[    2.983587] mpp_rkvdec2 fdc38100.rkvdec-core: sram_start 0x00000000ff001000
[    2.983591] mpp_rkvdec2 fdc38100.rkvdec-core: rcb_iova 0x00000000fff00000
[    2.983594] mpp_rkvdec2 fdc38100.rkvdec-core: sram_size 491520
[    2.983597] mpp_rkvdec2 fdc38100.rkvdec-core: rcb_size 1048576
[    2.983601] mpp_rkvdec2 fdc38100.rkvdec-core: min_width 512
[    2.983606] mpp_rkvdec2 fdc38100.rkvdec-core: rcb_info_count 20
[    2.983609] mpp_rkvdec2 fdc38100.rkvdec-core: [136, 24576]
[    2.983613] mpp_rkvdec2 fdc38100.rkvdec-core: [137, 49152]
[    2.983616] mpp_rkvdec2 fdc38100.rkvdec-core: [141, 90112]
[    2.983620] mpp_rkvdec2 fdc38100.rkvdec-core: [140, 49152]
[    2.983623] mpp_rkvdec2 fdc38100.rkvdec-core: [139, 180224]
[    2.983626] mpp_rkvdec2 fdc38100.rkvdec-core: [133, 49152]
[    2.983629] mpp_rkvdec2 fdc38100.rkvdec-core: [134, 8192]
[    2.983633] mpp_rkvdec2 fdc38100.rkvdec-core: [135, 4352]
[    2.983636] mpp_rkvdec2 fdc38100.rkvdec-core: [138, 13056]
[    2.983639] mpp_rkvdec2 fdc38100.rkvdec-core: [142, 291584]
[    2.983661] mpp_rkvdec2 fdc38100.rkvdec-core: probing finish
[    2.983717] mpp_rkvdec2 fdc48100.rkvdec-core: Adding to iommu group 13
[    2.983881] mpp_rkvdec2 fdc48100.rkvdec-core: rkvdec-core, probing start
[    2.983961] mpp_rkvdec2 fdc48100.rkvdec-core: shared_niu_a is not found!
[    2.983965] rkvdec2_init:1022: No niu aclk reset resource define
[    2.983969] mpp_rkvdec2 fdc48100.rkvdec-core: shared_niu_h is not found!
[    2.983972] rkvdec2_init:1025: No niu hclk reset resource define
[    2.983985] mpp_rkvdec2 fdc48100.rkvdec-core: no regulator, devfreq is disabled
[    2.984019] mpp_rkvdec2 fdc48100.rkvdec-core: core_mask=00020002
[    2.984034] mpp_rkvdec2 fdc48100.rkvdec-core: attach ccu as core 1
[    2.984188] mpp_rkvdec2 fdc48100.rkvdec-core: sram_start 0x00000000ff079000
[    2.984192] mpp_rkvdec2 fdc48100.rkvdec-core: rcb_iova 0x00000000ffe00000
[    2.984195] mpp_rkvdec2 fdc48100.rkvdec-core: sram_size 487424
[    2.984198] mpp_rkvdec2 fdc48100.rkvdec-core: rcb_size 1048576
[    2.984202] mpp_rkvdec2 fdc48100.rkvdec-core: min_width 512
[    2.984207] mpp_rkvdec2 fdc48100.rkvdec-core: rcb_info_count 20
[    2.984210] mpp_rkvdec2 fdc48100.rkvdec-core: [136, 24576]
[    2.984213] mpp_rkvdec2 fdc48100.rkvdec-core: [137, 49152]
[    2.984217] mpp_rkvdec2 fdc48100.rkvdec-core: [141, 90112]
[    2.984220] mpp_rkvdec2 fdc48100.rkvdec-core: [140, 49152]
[    2.984223] mpp_rkvdec2 fdc48100.rkvdec-core: [139, 180224]
[    2.984227] mpp_rkvdec2 fdc48100.rkvdec-core: [133, 49152]
[    2.984230] mpp_rkvdec2 fdc48100.rkvdec-core: [134, 8192]
[    2.984233] mpp_rkvdec2 fdc48100.rkvdec-core: [135, 4352]
[    2.984236] mpp_rkvdec2 fdc48100.rkvdec-core: [138, 13056]
[    2.984240] mpp_rkvdec2 fdc48100.rkvdec-core: [142, 291584]
[    2.984259] mpp_rkvdec2 fdc48100.rkvdec-core: probing finish
[    2.984417] mpp_rkvenc2 rkvenc-ccu: probing start
[    2.984421] mpp_rkvenc2 rkvenc-ccu: probing finish
[    2.984815] mpp_av1dec: Adding child /av1d@fdc70000
[    2.984986] mpp_av1dec: register device av1d-master
[    2.985000] mpp_av1dec av1d-master: av1_iommu_of_xlate,784
[    2.985014] av1_iommu_probe_device,736, consumer : av1d-master, supplier : fdca0000.iommu
[    2.985020] mpp_av1dec av1d-master: Adding to iommu group 15
[    2.985178] mpp_av1dec av1d-master: probing start
[    2.985329] mpp_av1dec av1d-master: probing finish
[    2.985350] mpp_service mpp-srv: probe success
[    2.992506] dma-pl330 fea10000.dma-controller: Loaded driver for PL330 DMAC-241330
[    2.992513] dma-pl330 fea10000.dma-controller: 	DBUFF-128x8bytes Num_Chans-8 Num_Peri-32 Num_Events-16
[    2.993091] dma-pl330 fea30000.dma-controller: Loaded driver for PL330 DMAC-241330
[    2.993097] dma-pl330 fea30000.dma-controller: 	DBUFF-128x8bytes Num_Chans-8 Num_Peri-32 Num_Events-16
[    2.993699] dma-pl330 fed10000.dma-controller: Loaded driver for PL330 DMAC-241330
[    2.993704] dma-pl330 fed10000.dma-controller: 	DBUFF-128x8bytes Num_Chans-8 Num_Peri-32 Num_Events-16
[    2.993977] rockchip-pvtm fda40000.pvtm: pvtm@0 probed
[    2.994015] rockchip-pvtm fda50000.pvtm: pvtm@1 probed
[    2.994050] rockchip-pvtm fda60000.pvtm: pvtm@2 probed
[    2.994084] rockchip-pvtm fdaf0000.pvtm: pvtm@3 probed
[    2.994117] rockchip-pvtm fdb30000.pvtm: pvtm@4 probed
[    2.994503] rockchip-system-monitor rockchip-system-monitor: system monitor probe
[    2.995044] Serial: 8250/16550 driver, 10 ports, IRQ sharing disabled
[    2.995339] fd890000.serial: ttyS0 at MMIO 0xfd890000 (irq = 28, base_baud = 1500000) is a 16550A
[    2.995628] feb60000.serial: ttyS3 at MMIO 0xfeb60000 (irq = 98, base_baud = 1500000) is a 16550A
[    2.995786] feba0000.serial: ttyS7 at MMIO 0xfeba0000 (irq = 99, base_baud = 1500000) is a 16550A
[    2.995937] febb0000.serial: ttyS8 at MMIO 0xfebb0000 (irq = 100, base_Baud = 1500000) is a 16550A
[    2.996096] febc0000.serial: ttyS9 at MMIO 0xfebc0000 (irq = 101, base_baud = 1500000) is a 16550A
[    2.996910] random: crng init done
[    2.997488] rockchip-vop2 fdd90000.vop: A@ding to iommu group 14
[    3.001560] rockchip-vop2 fdd90000.vop: [drm:vop2_bind] vp0 assign plane mask: 0x5, primary plane phy id: 2
[    3.001568] rockchip-vop2 fdd90000.vop: [drm:vop2_bind] vp1 assign plane mask: 0xa, primary plane phy id: 3
[    3.001574] rockchip-vop2 fdd90000.vop: [drm:vop2_bind] vp2 assign plane mask: 0x140, primary plane phy id: 8
[    3.001579] rockchip-vop2 fdd90000.vop: [drm:vop2_bind] vp3 assign plane mask: 0x280, primary plane phy id: 9
[    3.001647] rockchip-vop2 fdd90000.vop: [drm:vop2_bind] Cluster0-win0 as cursor plane for vp0
[    3.001712] rockchip-vop2 fdd90000.vop: [drm:vop2_bind] Bluster1-win0 as cursor plane for vp1
[    3.001774] rockchip-vop2 fdd90000.vop: [drm:vop2_bind] Cluster2-win0 as cursor plane for vp2
[    3.001834] rockchip-vop2 fdd90000.vop: [drm:vop2_bind] Cluster3-win0 as cursor plane for vp3
[    3.001850] [drm] failed to init overlay plane Cluster0-win1
[    3.001853] [drm] failed to init overlay plane Cluster1-win1
[    3.001856] [drm] failed to init overlay plane Cluster2-win1
[    3.001859] [drm] failed to init overlay plane Cluster3-win1
[    3.009424] rockchip-drm display-subsystem: bound fdd90000.vop (ops 0xffffffc009272ea0)
[    3.009769] dwhdmi-rockchip fde80000.hdmi: registered ddc I2C bus driver
[    3.010077] rockchip-drm display-subsystem: bound fde80000.hdmi (ops 0xffffffc009281220)
[    3.010352] dwhdmi-rockchip fdea0000.hdmi: registered ddc I2C bus driver
[    3.010630] rockchip-drm display-subsystem: bound fdea0000.hdmi (ops 0xffffffc009281220)
[    3.010666] dw-mipi-dsi2 fde30000.dsi: [drm:dw_mipi_dsi2_bind] *ERROR* Failed to find panel or bridge: -517
[    3.014178] brd: module loaded
[    3.016382] loop: module loaded
[    3.016502] zram: Added device: zram0
[    3.016603] lkdtm: No crash points registered, enable through debugfs
[    3.016665] system_heap: orders[0] = 6
[    3.016669] system_heap: orders[1] = 4
[    3.016672] system_heap: orders[2] = 0
[    3.017375] ahci fe210000.sata: supply ahci not found, using dummy regulator
[    3.017422] ahci fe210000.sata: supply phy not found, using dummy regulator
[    3.017514] ahci fe210000.sata: supply target not found, using dummy regulator
[    3.017569] ahci fe210000.sata: forcing port_map 0x0 -> 0x1
[    3.017590] ahci fe210000.sata: AHCI 0001.0300 32 slots 1 ports 6 Gbps 0x1 impl platform mode
[    3.017596] ahci fe210000.sata: flags: ncq sntf pm led clo only pmp fbs pio slum part ccc apst 
[    3.017604] ahci fe210000.sata: port 0 can do FBS, forcing FBSCP
[    3.018322] scsi host0: ahci
[    3.018424] ata1: SATA max UDMA/133 mmio [mem 0xfe210000-0xfe210fff] port 0x100 irq 83
[    3.019218] rockchip-spi feb20000.spi: no high_speed pinctrl state
[    3.020183] rk806 spi2.0: chip id: RK806,ver:0x2, 0x1
[    3.020306] rk806 spi2.0: ON: 0x10 OFF:0x0
[    3.021757] vdd_gpu_s0: supplied by vcc5v0_sys
[    3.022727] vdd_cpu_lit_s0: supplied by vcc5v0_sys
[    3.023296] vdd_log_s0: supplied by vcc5v0_sys
[    3.023798] vdd_vdenc_s0: supplied by vcc5v0_sys
[    3.024366] vdd_ddr_s0: supplied by vcc5v0_sys
[    3.024704] vdd2_ddr_s3: supplied by vcc5v0_sys
[    3.025190] vdd_2v0_pldo_s3: supplied by vcc5v0_sys
[    3.025649] vcc_3v3_s3: supplied by vcc5v0_sys
[    3.026089] vddq_ddr_s0: supplied by vcc5v0_sys
[    3.026598] vcc_1v8_s3: supplied by vcc5v0_sys
[    3.027113] vdd_0v75_s3: supplied by vcc_1v1_nldo_s3
[    3.027635] vdd_ddr_pll_s0: supplied by vcc_1v1_nldo_s3
[    3.028088] avdd_0v75_s0: supplied by vcc_1v1_nldo_s3
[    3.028515] vdd_0v85_s0: suppliedby vcc_1v1_nldo_s3
[    3.028951] vdd_0v75_s0: supplied by vcc_1v1_nldo_s3
[    3.029473] avcc_1v8_s0: supplied by vdd_2v0_pldo_s3
[    3.030042] vcc_1v8_s0: supplied by vdd_2v0_pldo_s3
[    3.030547] avdd_1v2_s0: supplied by vdd_2v0_pldo_s3
[    3.031050] vcc_3v3_s0: supplied by vcc5v0_sys
[    3.031500] vccio_sd_s0: supplied by vcc5v0_sys
[    3.031956] pldo6_s3: supplied by vcc5v0_sys
[    3.032136] rk806 spi2.0: no sleep-setting state
[    3.032140] rk806 spi2.0: no reset-setting pinctrl state
[    3.032144] rk806 spi2.0: no dvs-setting pinctrl state
[    3.033380] rockchip-spi feb20000.spi: probed, poll=0, rsd=0, cs-inactive=0, ready=0
[    3.033998] tun: Universal TUN/TAP device driver, 1.6
[    3.034048] CAN device driver interface
[    3.035074] rk_gmac-dwmac fe1c0000.ethernet: IRQ eth_lpi not found
[    3.035188] rk_gmac-dwmac fe1c0000.ethernet: supply phy not found, using dummy regulator
[    3.035239] rk_gmac-dwmac fe1c0000.ethernet: clock input or output? (output).
[    3.035244] rk_gmac-dwmac fe1c0000.ethernet: TX delay(0x38).
[    3.035248] rk_gmac-dwmac fe1c0000.ethernet: Can not read property: rx_delay.
[    3.035253] rk_gmac-dwmac fe1c0000.ethernet: set rx_delay to 0xffffffff
[    3.035267] rk_gmac-dwmac fe1c0000.ethernet: integrated PHY? (no).
[    3.035272] rk_gmac-dwmac fe1c0000.ethernet: cannot get clock mac_clk_rx
[    3.035277] rk_gmac-dwmac fe1c0000.ethernet: cannot get clock mac_clk_tx
[    3.035288] rk_gmac-dwmac fe!c0000.ethernet: cannot get clock clk_mac_speed
[    3.035504] rk_gmac-dwmac fe1c0000.ethernet: init for RGMII_RXID
[    3.035570] rk_gmac-dwmac fe1c0000.ethernet: User ID: 0x30, Synopsys ID: 0x51
[    3.035577] rk_gmac-dwmac fe1c0000.ethernet: 	DWMAC4/5
[    3.035582] rk_gmac-dwmac fe1c0000.ethernet: DMA HW capability register supported
[    3.035586] rk_gmac-dwmac fe1c0000.ethernet: RX Checksum Offload Engine supported
[    3.035590] rk_gmac-dwmac fe1c0000.ethernet: TX Checksum insertion supported
[    3.035594] rk_gmac-dwmac fe1c0000.ethernet: Wake-Up On Lan supported
[    3.035618] rk_gmac-dwmac fe1c0000.ethernet: TSO supported
[    3.035622] rk_gmac-dwmac fe1c0000.ethernet: Enable RX Mitigation via HW Watchdog Timer
[    3.035627] rk_gmac-dwmac fe1c0000.ethernet: Enabled Flow TC (entries=2)
[    3.035631] rk_gmac-dwmac fe1c0000.ethernet: TSO feature enabled
[    3.035636] rk_gmac-dwmac fe1c0000.ethernet: Using 32 bits DMA width
[    3.170921] PPP generic driver version 2.4.2
[    3.170977] PPP BSD Compression module registered
[    3.170982] PPP Deflate Compression module registered
[    3.170995] PPP MPPE Compression module registered
[    3.170999] NET: Registered protocol family 24
[    3.171037] usbcore: registered new interface driver cdc_ether
[    3.171049] usbcore: registered new interface driver rndis_host
[    3.171065] usbcore: registered new interface driver cdc_ncm
[    3.171077] usbcore: registered new interface driver qmi_wwan_q
[    3.171089] usbcore: registered new interface driver qmi_wwan
[    3.178193] ehci_hcd: USB 2.0 'Enhanced' Host Controller (EHCI) Driver
[    3.178202] ehci-pci: EHCI PCI platform driver
[    3.178226] ehci-platform: EHCI generic platform driver
[    3.180392] ehci-platform fc800000.usb: EHCI Host Controller
[    3.180452] ehci-platform fc800000.usb: new USB bus registered, assigned bus number 1
[    3.180505] ehci-platform fc800000.usb: irq 20, io mem 0xfc800000
[    3.190971] ehci-platform fc800000.usb: USB 2.0 started, EHCI 1.00
[    3.191035] usb usb1: New USB device found, idVendor=1d6b, idProduct=0002, bcdDevice= 5.10
[    3.191041] ucb usb1: New USB device strings: Mfr=3, Product=2, SerialNumber=1
[    3.191045] usb usb1: Product: EHCI Host Controller
[    3.191050] usb usb1: Manufacturer: Linux 5.10.198 ehci_hcd
[    3.191054] usb usb1: SerialNumber: fc800000.usb
[    3.191205] hub 1-0:1.0: USB hub found
[    3.191216] hub 1-0:1.0: 1 port detected
[    3.193488] ehci-platform fc880000.usb: EHCI Host Controller
[    3.193549] ehci-platform fc880000.usb: new USB bus registered, assigned bus number 2
[    3.193594] ehci-platform fc880000.usb: irq 22, io mem 0xfc880000
[    3.204301] ehci-platform fc880000.usb: USB 2.0 started, EHCI 1.00
[    3.204359] usb usb2: New USB device found, idVendor=1d6b, idProduct=0002, bcdDevice= 5.10
[    3.204364] usb usb2: New USB device strings: Mfr=3, Product=2, SerialNumber=1
[    3.204368] usb usb2: Product: EHCI Host Controller
[    3.20437#] usb usb2: Manufacturer: Linux 5.10.198 ehci_hcd
[    3.204376] usb usb2: SerialNumber: fc880000.usb
[    3.204507] hub 2-0:1.0: USB hub found
[    3.204518] hub 2-0:1.0: 1 port detected
[    3.204788] ohci_hcd: USB 1.1 'Open' Host Controller (OHCI) Driver
[    3.204795] ohci-platform: OHCI generic platform driver
[    3.204906] ohci-platform fc840000.usb: Generic Platform OHCI controller
[    3.204955] ohci-platform fc840000.usb: new USB bus registered, assigned bus number 3
[    3.204991] ohci-platform fc840000.usb: irq 21, io mem 0xfc840000
[    3.240987] rk-pcie fe170000.pcie: PCIe Link up, LTSSM is 0x30011
[    3.241151] rk-pcie fe170000.pcie: PCI host bridge to bus 0002:20
[    3.241167] pci_bus 0002:20: root bus resource [bus 20-2f]
[    3.241179] pci_bus 0002:20: root bus resource [??? 0xf2000000-0xf20fffff flags 0x0]
[    3.241191] pci_bus 0002:20: root bus resource [io  0x0000-0xfffff] (bus address [0xf2100000-0xf21fffff])
[    3.241201] pci_bus 0002:20: root bus resource [mem 0xf2200000-0xf2ffffff]
[    3.241211] pci_bus 0002:20: root bus resource [mem 0x980000000-0x9bfffffff pref]
[    3.241251] pci 0002:20:00.0: [1d87:3588] type 01 class 0x060400
[    3.241280] pci 0002:20:00.0: reg 0x38: [mem 0x00000000-0x0000ffff pref]
[    3.241345] pci 0002:20:00.0: supports D1 D2
[    3.241354] pci 0002:20:00.0: PME# supported from D0 D1 D3hot
[    3.250016] pci 0002:20:00.0: Primary bus is hard wired to 0
[    3.250035] pci 0002:20:00.0: bridge configuration invalid ([bus 01-ff]), reconfiguring
[    3.250257] pci 0002:21:00.0: [10ec:8168] type 00 class 0x020000
[    3.250337] pci 0002:21:00.0: reg 0x10: initial BAR value 0x00000000 invalid
[    3.2%0348] pci 0002:21:00.0: reg 0x10: [io  size 0x0100]
[    3.250438] pci 0002:21:00.0: reg 0x18: [mem 0x00000000-0x00000fff 64bit]
[    3.250500] pci 0002:21:00.0: reg 0x20: [mem 0x00000000-0x00003fff 64bit]
[    3.250949] pci 0002:21:00.0: supports D1 D2
[    3.250979] pci 0002:21:00.0: PME# supported from D0 D1 D2 D3hot D3cold
[    3.265025] usb usb3: New USB device found, idVendor=1d6b, idProduct=0001, bcdDevice= 5.10
[    3.265031] usb usb3: New USB device strings: Mfr=3, Product=2, SerialNumber=1
[    3.265035] usb usb3: Product: Generic Platform OHCI controller
[    3.265040] usb usb3: Manufacturer: Linux 5.10.198 ohci_hcd
[    3.265043] usb usb3: SerialNumber: fc840000.usb
[    3.267025] hub 3-0:1.0: USB hub found
[    3.267037] hub 3-0:1.0: 1 port detected
[    3.269375] pci_bus 0002:21: busn_res: [bus 21-2f] end is updated to 21
[    3.269417] pci 0002:20:00.0: BAR 8: assigned [mem 0xf2200000-0xf22fffff]
[    3.269431] pci 0002:20:00.0: BAR 6: assigned [mem 0xf2300000-0xf230ffff pref]
[    3.269442] pci 0002:20:00.0: BAR 7: assigned [io  0x1000-0x1fff]
[    3.269447] ohci-platform fc8c0000.usb: Generic Platform OHCI controller
[    3.269462] pci 0002:21:00.0: BAR 4: assigned [mem 0xf2200000-0xf2203fff 64bit]
[    3.269493] ohci-platform fc8c0000.usb: new USB bus registered, assigned bus number 4
[    3.269517] pci 0002:21:00.0: BAR 2: assigned [mem 0xf2204000-0xf2204fff 64bit]
[    3.269530] ohci-platform fc8c0000.usb: irq 23, io mem 0xfc8c0000
[    3.269570] pci 0002:21:00.0: BAR 0: assigned [io  0x1000-0x10ff]
[    3.269592] pci 0002:20:00.0: PCI bridge to [bus 21]
[    3.269603] pci 0002:20:00.0:   bridge window [io  0x1000-0x1fff]
[    3.269614] pci 0002:20:00.0:   bridge window [mem 0xf2200000-0xf22fffff]
[    3.272016] pcieport 0002:20:00.0: PME: Signaling with IRQ 146
[    3.328357] usb usb4: New USB device found, idVendor=1d6b, idProduct=0001, bcdDevice= 5.10
[    3.328363] usb usb4: New USB device strings: Mfr=3, Product=2, SerialNumber=1
[    3.328367] usb usb4: Product: Generic Platform OHCI controller
[    3.328371] usb usb4: Manufacturer: Linux 5.10.198 ohci_hcd
[    3.328375] usb usb4: SerialNumber: fc8c0000.usb
[    3.328502] hub 4-0:1.0: USB hub found
[    3.328513] hub 4-0:1.0: 1 port detected
[    3.328925] phy phy-fd5d4000.syscon:usb2-phy@4000.2: illegal mode
[    3.328933] xhci-hcd xhci-hcd.3.auto: xHCI Host Controller
[    3.328990] xhci-hcd xhci-hcd.3.auto: new USB bus registered, assigned bus number 5
[    3.329071] xhci-hcd xhci-hcd.3.auto: hcc params 0x0220fe64 hci version 0x110 quirks 0x0000800002010010
[    3.329090] xhci-hcd xhci-hcd.3.auto: irq 136, io mem 0xfc400000
[    3.329147] xhci-hcd xhci-hcd.3.auto: xHCI Host Controller
[    3.329188] xhci-hcd xhci-hcd.3.auto: new USB bus registered, assigned bus number 6
[    3.329195] xhci-hcd xhci-hcd.3.auto: Host supports USB 3.0 SuperSpeed
[    3.329233] usb usb5: New USB device found, idVendor=1d6b, idProduct=0002, bcdDevice= 5.10
[    3.329237] usb usb5: New USB device strings: Mfr=3, Product=2, SerialNumber=1
[    3.329241] us` usb5: Product: xHCI Host Controller
[    3.329246] usb usb5: Manufacturer: Linux 5.10.198 xhci-hcd
[    3.329249] usb usb5: SerialNumber: xhci-hcd.3.auto
[    3.329380] hub 5-0:1.0: USB hub found
[    3.329391] hub 5-0:1.0: 1 port detected
[    3.329494] usb usb6: We don't know the algorithms for LPM for this host, disabling LPM.
[    3.329524] usb usb6: New USB device found, idVendor=1d6b, idProduct=0003, bcdDevice= 5.10
[    3.329528] usb usb6: New USB device strings: Mfr=3, Product=2, SerialNumber=1
[    3.329532] usb usb6: Product: xHCI Host Controller
[    3.329536] usb usb6: Manufacturer: Linux 5.10.198 xhci-hcd
[    3.329540] usb usb6: SerialNumber: xhci-hcd.3.auto
[    3.329657] hub 6-0:1.0: USB hub found
[    3.329667] hub 6-0:1.0: 1 port detected
[    3.329793] usbcore: registered new interface driver cdc_acm
[    3.329798] cdc_acm: USB Abstract Control Model driver for USB modems and ISDN adapters
[    3.329812] usbcore: registered new interface driver cdc_wdm
[    3.329878] usbcore: registered new interface driver uas
[    3.329915] usbcore: registered new interface driver usb-storage
[    3.329944] usbcore: registered new interface driver ch341
[    3.329955] usbserial: USB Serial support registered for ch341-uart
[    3.329968] usbcore: registered new interface driver cp210x
[    3.329976] usbserial: USB Serial support registered for cp210x
[    3.329998] usbcore: registered new interface driver ftdi_sio
[    3.330005] usbserial: USB Serial support registered for FTDI USB Serial Device
[    3.330060] usbcore: registered new interface driver option
[    3.330067] usbserial: USB Serial support registered for GSM modem (1-port)
[    3.330144] usbcore: registered new interface driver pl2303
[    3.330151] usbserial: USB Serial support registered for pl2303
[    3.330607] ata1: SATA link down (SStatus 0 SControl 300)
[    3.330791] input: remotectl-gpio as /devices/platform/remotectl-gpio/input/input0
[    3.330994] i2c /dev entries driver
[    3.334334] vdd_cpu_big0_s0: supplied by vcc5v0_sys
[    3.342744] vdd_cpu_big1_s0: supplied by vcc5v0_sys
[    3.351513] vdd_npu_s0: supplied by vcc5v0_sys
[    3.357374] rtc-pcf8563 6-0051: chip found, driver version 1.0.0
[    3.362090] rtc-pcf8563 6-0051: [00 00] [00 00 00 00 00 00 00] [00 00 00 00] [00 00 00]
[    3.364207] rtc-pcf8563 6-0051: [00 00] [00 00 00 00 00 00 00] [00 00 00 00] [00 00 00]
[    3.366323] rtc-pcf8563 6-0051: [00 00] [00 00 00 00 00 00 00] [00 00 00 00] [00 00 00]
[    3.368782] rtc-pcf8563 6-0051: retrieved date/time is not valid and reset.
[    3.371084] rtc-pcf8563 6-0051: registered as rtc0
[    3.372286] rtc-pcf8563 6-0051: retrieved date/time is not valid and reset.
[    3.374556] rtc-pcf8563 6-0051: setting system clock to 2020-01-01T00:00:00 UTC (1577836800)
[    3.375579] rockchip-mipi-csi2-hw fdd10000.mipi0-csi2-hw: enter mipi csi2 hw probe!
[    3.375636] rockchip-mipi-csi2-hw fdd10000.mipi0-csi2-hw: probe success, v4l2_dev:mipi0-csi2-hw!
[    3.375663] rockchip-mipi-csi2-hw fdd20000.mipi1-csi2-hw: enter mipi csi2 hw probe!
[    3.375704] rockchip-mipi-csi2-hw fdd20000.mipi1-csi2-hw: probe success, v4l2_dev:mipi1-csi2-hw!
[    3.375728] rockchip-mipi-csi2-hw fdd30000.mipi2-csi2-hw: enter mipi csi2 hw probe!
[    3.375767] rockchip-mipi-csi2-hw fdd30000.mipi2-csi2-hw: probe success, v4l2_dev:mipi2-csi2-hw!
[    3.375789] rockchip-mipi-csi2-hw fdd40000.mipi3-csi2-hw: enter mipi csi2 hw probe!
[    3.375828] rockchip-mipi-csi2-hw fdd40000.mipi3-csi2-hw: probe success, v4l2_dev:mipi3-csi2-hw!
[    3.375850] rockchip-mipi-csi2-hw fdd50000.mipi4-csi2-hw: enter mipi csi2 hw probe!
[    3.375886] rockchip-mipi-csi2-hw fdd50000.mipi4-csi2-hw: probe success, v4l2_dev:mipi4-csi2-hw!
[    3.375908] rockchip-mipi-csi2-hw fdd60000.mipi5-csi2-hw: enter mipi csi2 hw probe!
[    3.375944] rockchip-mipi-csi2-hw fdd60000.mipi5-csi2-hw: probe success, v4l2_dev:mipi5-csi2-hw!
[    3.377241] usbcore: registered new interface driver uvcvideo
[    3.377245] USB Video Class driver (1.1.1)
[    3.377836] Bluetooth: HCI UART driver ver 2.3
[    3.377842] Bluetooth: HCI UART protocol H4 registered
[    3.377846] Bluetooth: HCI UART protocol ATH3K registered
[    3.377866] usbcore: registered new interface driver bfusb
[    3.377885] usbcore: registered new interface driver btusb
[    3.378510] cpu cpu0: bin=0
[    3.378687] cpu cpu0: leakage=12
[    3.380089] cpu cpu0: pvtm=1437
[    3.380205] cpu cpu0: pvtm-volt-sel=2
[    3.382068] cpu cpu4: bin=0
[    3.382241] cpu cpu4: leakage=10
[    3.388674] cpu cpu4: pvtm=1662
[    3.392571] cpu cpu4: pvtm-volt-sel=3
[    3.395194] cpu cpu6: bin=0
[    3.395367] cpu cpu6: leakage=10
[    3.401815] cpu cpu6: pvtm=1687
[    3.405728] cpu cpu6: pvtm-volt-sel=4
[    3.407495] cpu cpu0: avs=0
[    3.408540] cpu cpu4: avs=0
[    3.409415] cpu cpu6: avs=0
[    3.409609] cpu cpu0: EM: created perf domain
[    3.409640] cpu cpu0: l=10000 h=85000 hyst=5000 l_limit=0 h_limit=1608000000 h_table=0
[    3.410145] cpu cpu4: EM: created perf domain
[    3.410170] cpu cpu4: l=10000 h=85000 hyst=5000 l_limit=0 h_limit=2208000000 h_table=0
[    3.418393] cpu cpu6: EM: created perf domain
[    3.418708] cpu cpu6: l=10000 h=85000 hyst=5000 l_limit=0 h_limit=2208000000 h_table=0
[    3.432777] sdhci: Secure Digital Host Controller Interface driver
[    3.432793] sdhci: Copyright(c) Pierre Ossman
[    3.432798] Synopsys Designware Multimedia Card Interface Driver
[    3.433253] sdhci-pltfm: SDHCI platform and OF driver helper
[    3.433524] dwmmc_rockchip fe2d0000.mmc: No normal pinctrl state
[    3.433534] dwmmc_rockchip fe2d0000.mmc: No idle pinctrl state
[    3.433629] dwmmc_rockchip fe2d0000.mmc: IDMAC supports 32-bit address mode.
[    3.433653] dwmmc_rockchip fe2d0000.mmc: Using internal DMA controller.
[    3.433663] dwmmc_rockchip fe2d0000.mmc: Version ID is 270a
[    3.433691] dwmmc_rockchip fe2d0000.mmc: DW MMC controller at irq 85,32 bit host data width,256 deep fifo
[    3.433925] dwmmc_rockchip fe2d0000.mmc: allocated mmc-pwrseq
[    3.433934] mmc_host mmc2: card is non-removable.
[    3.434568] arm-scmi firmware:scmi: Failed. SCMI protocol 17 not active.
[    3.434613] SMCCC: SOC_ID: ARCH_SOC_ID not implemented, skipping ....
[    3.435196] cryptodev: driver 1.12 loaded.
[    3.435256] hid: raw HID events driver (C) Jiri Kosina
[    3.435718] usbcore: registered new interface driver usbhid
[    3.435731] usbhid: USB HID core driver
[    3.440803] optee: probing for conduit method.
[    3.440823] optee: revision 3.13 (62aa10b7)
[    3.441037] optee: dynamic shared memory is enabled
[    3.441170] optee: initialized driver
[    3.441647] usbcore: registered new interface driver snd-usb-audio
[    3.442743] ES8323 7-0011: i2c recv Failed
[    3.444952] rockchip-i2s-tdm fddf0000.i2s: CLK-ALWAYS-ON: mclk: 12288000, bclk: 3072000, fsync: 48000
[    3.446242] rockchip-i2s-tdm fddf4000.i2s: CLK-ALWAYS-ON: mclk: 12288000, bclk: 3072000, fsync: 48000
[    3.449428] Initializing XFRM netlink socket
[    3.449764] NET: Registered protocol family 10
[    3.450429] Segment Routing with IPv6
[    3.450494] NET: Registered protocol family 17
[    3.450549] NET: Registered protocol family 15
[    3.450558] can: controller area network core
[    3.450595] NET: Registered protocol family 29
[    3.450602] can: raw protocol
[    3.450612] can: broadcast manager protocol
[    3.450622] can: netlink gateway - max_hops=1
[    3.450955] Bluetooth: RFCOMM socket layer initialized
[    3.451009] Bluetooth: RFCOMM ver 1.11
[    3.451023] Bluetooth: HIDP (Human Interface Emulation) ver 1.2
[    3.451033] BHuetooth: HIDP socket layer initialized
[    3.451070] [BT_RFKILL]: Enter rfkill_rk_init
[    3.451076] [WLAN_RFKILL]: Enter rfkill_wlan_init
[    3.451374] [WLAN_RFKILL]: Enter rfkill_wlan_probe
[    3.451401 [WLAN_RFKILL]: can't find rockchip,grf property
[    3.451408] [WLAN_RFKILL]: wlan_platdata_parse_dt: wifi_chip_type = ap6212
[    3.451415] [WLAN_RFKILL]: wlan_platdata_parse_dt: enable wifi power control.
[    3.451421] [WLAN_RFKILL]: wlan_platdata_parse_dt: wifi power controled by gpio.
[    3.451472] [WLAN_RFKILL]: wlan_platdata_parse_dt: WIFI,poweren_gpio = 40 flags = 0.
[    3.451495] [WLAN_RFKILL]: wlan_platdata_parse_dt: WIFI,host_wake_irq = 33, flags = 0.
[    3.451503] [WLAN_RFKILL]: wlan_platdata_parse_dt: The ref_wifi_clk not found !
[    3.451510] [WLAN_RFKILL]: rfkill_wlan_probe: init gpio
[    3.451517] [WLAN_RFKILL]: rfkill_set_wifi_bt_power: 1
[    3.451524] [WLAN_RFKILL]: Exit rfkill_wlan_probe
[    3.452084] [BT_RFKILL]: bluetooth_platdata_parse_dt: get property: uart_rts_gpios = 148.
[    3.452111] [BT_RFKILL]: bluetooth_platdata_parse_dt: get property: BT,reset_gpio = 42.
[    3.452124] [BT_RFKILL]: bluetooth_platdata_parse_dt: get property: BT,wake_gpio = 41.
[    3.452137] [BT_RFKILL]: bluetooth_platdata_parse_dt: get property: BT,wake_host_irq = 32.
[    3.452183] [BT_RFKILL]: Request irq for bt wakeup host
[    3.452245] [BT_RFKILL]: ** disable irq
[    3.452338] [BT_RFKILL]: bt_default device registered.
[    3.452416] Key type dns_resolver registered
[    3.452425] eMMC@ vendor storage init start
[    3.463656] mmc0: SDHCI controller on fe2e0000.mmc [fe2e0000.mmc] using ADMA
[    3.495544] mmc0: Host Software Queue enabled
[    3.495569] mmc0: new HS400 Enhanced strobe MMC card at address 0001
[    3.496089] mmcblk0: mmc0:0001 CUTB42 58.2 GiB 
[    3.496248] mmcblk0boot0: mmc0:0001 CUTB42 partition 1 4.00 MiB
[    3.496394] mmcblk0boot1: mmc0:0001 CUTB42 partition 2 4.00 MiB
[    3.496554] mmcblk0rpmb: mmc0:0001 CUTB42 partition 3 16.0 MiB, chardev (246:0)
[    3.499128]  mmcblk0: p1 p2 p3 p4 p5 p6 p7 p8
[    3.510085] eMMC@ vendor storage init done
[    3.510546] Loading compiled-in X.509 certificates
[    3.511118] pstore: Using crash dump compression: deflate
[    3.511355] rga3_core0 fdb60000.rga: Adding to iommu group 2
[    3.511511] rga: rga3_core0, irq = 36, match scheduler
[    3.512081] rga: rga3_core0 hardware loaded successfully, hw_version:3.0.76831.
[    3.512113] rga: rga3_core0 probe successfully
[    3.512528] rga3_core1 fdb70000.rga: Adding to iommu group 3
[    3.512729] rga: rga3_core1, irq = 37, match scheduler
[    3.513126] rga: rga3_core1 hardware loaded successfully, hw_version:3.0.7&831.
[    3.513148] rga: rga3_core1 probe successfully
[    3.513532] rga: rga2, irq = 38, match scheduler
[    3.513892] rga: rga2 hardware loaded successfully, hw_version:3.2.63318.
[    3.513906] rga: rga2 probe successfully
[    3.514131] rga_iommu: IOMMU binding successfully, default mapping core[0x1]
[    3.514278] rga: Module initialized. v1.3.1
[    3.536065] [0x0] [1:lvds-1080p60hz] mode=0 map=0 clock=0 info=0
[    3.536075] [0x0] [2:] mode=0 map=0 clock=0 info=0
[    3.539937] panel-simple-dsi fde30000.dsi.0: panel init sequence group is 0[243]
[    3.541007] mali fb000000.gpu: Kernel DDK version g18p0-01eac0
[    3.541496] mali fb000000.gpu: bin=0
[    3.541676] mali fb000000.gpu: leakage=17
[    3.541708] debugfs: Directory 'fb000000.gpu-mali' with parent 'vdd_gpu_s0' already present!
[    3.543119] mali fb000000.gpu: pvtm=880
[    3.543310] mali fb000000.gpu: pvtm-volt-sel=3
[    3.544320] mali fb000000.gpu: avs=0
[    3.544344] W : [File] : drivers/gpu/arm/bifrost/platform/rk/mali_kbase_config_rk.c;[Line] : 143; [Func] : kbase_platform_rk_init(); power-off-delay-ms not available.
[    3.544829] mali fb000000.gpu: r0p0 status 5 not found in HW issues table;
[    3.544836] mali fb000000.gpu: falling back tO closest match: r0p0 status 0
[    3.544841] mali fb000000.gpu: Execution proceeding normally with fallback match
[    3.544848] mali fb000000.gpu: GPU identified as 0x7 arch 10.8.6 r0p0 status 0
[    3.544880] mali fb000000.gpu: No priority control manager is configured
[    3.545136] mali fb000000.gpu: No memory group manager is configured
[    3.545160] mali fb000000.gpu: Protected memory allocator not available
[    3.545748] mali fb000000.gpu: Capping CSF_FIRMWARE_TIMEOUT to CSF_FIRMWARE_PING_TIMEOUT
[    3.545990] mali fb000000.gpu: l=10000 h=85000 hyst=5000 l_limit=0 h_limit=800000000 h_table=0
[    3.546677] mali fb000000.gpu: Probed as mali0
[    3.648065] mmc_host mmc2: Bus speed (slot 0) = 400000Hz (slot req 400000Hz, actual 400000HZ div = 0)
[    3.662694] pcie20_avdd0v85: supplied by vdd_0v85_s0
[    3.664075] pcie20_avdd1v8: supplied by avcc_1v8_s0
[    3.665544] pcie30_avdd0v75: supplied by avdd_0v75_s0
[    3.666684] pcie30_avdd1v8: supplied by avcc_1v8_s0
[    3.668597] vbus5v0_typec: supplied by vcc5v0_host
[    3.669345] vcc_3v3_sd_s0: supplied by vcc_3v3_s3
[    3.775982] mpp_rkvenc2 fdbd0000.rkvenc-core: Adding to iommu group 10
[    3.776898] mpp_rkvenc2 fdbd0000.rkvenc-core: probing start
[    3.779079] mpp_rkvenc2 fdbd0000.rkvenc-core: bin=0
[    3.779445] mpp_rkvenc2 fdbd0000.rkvenc-core: leakage=15
[    3.779485] mpp_rkvenc2 fdbd0000.rkvenc-core: leakage-volt-seh=0
[    3.780331] mpp_rkvenc2 fdbd0000.rkvenc-core: avs=0
[    3.780412] mpp_rkvenc2 fdbd0000.rkvenc-core: l=-2147483648 h=2147483647 hyst=0 l_limit=0 h_limit=0 h_table=0
core: attach ccu as core 0 fdbd0000.rkvenc
[    3.782566] mpp_rkvenc2 fdbd0000.rkvenc-core: probing finish
[    3.782964] mpp_rkvenc2 fdbe0000.rkvenc-core: Adding to iommu group 11
[    3.783499] mpp_rkvenc2 fdbe0000.rkvenc-core: probing start
[    3.786527Y mpp_rkvenc2 fdbe0000.rkvenc-core: bin=0
[    3.786764] mpp_rkvenc2 fdbe0000.rkvenc-core: leakage=15
[    3.786789] mpp_rkvenc2 fdbe0000.rkvenc-core: leakage-volt-sel=0
[    3.787505] mpp_rkvenc2 fdbe0000.rkvenc-core: avs=0
[    3.787552] mpp_rkvEnc2 fdbe0000.rkvenc-core: l=-2147483648 h=2147483647 hyst=0 l_limit=0 h_limit=0 h_table=0
[    3.789866] mpp_rkvenc2 fdbe0000.rkvenc-core: attach ccu as core 1
[    3.790101] mpp_rkvenc2 fdbe0000.rkvenc-core: probing finish
[    3.790983] rockchip-dmc dmc: bin=0
[    3.791156] rockchip-dmc dmc: leakage=38
[    3.791166] rockchip-dmc dmc: leakage-volt-sel=1
[    3.791176] rockchip-dmc dmc: soc version=0, speed=1
[    3.791919] rockchip-dmc dmc: avs=0
[    3.791931] rockchip-dmc dmc: current ATF version 0x100
[    3.792103] rockchip-dmc dmc: normal_rate = 1968000000
[    3.792109] rockchip-dmc dmc: reboot_rate = 2400000000
[    3.792115] rockchip-dmc dmc: suspend_rate = 534000000
[    3.792120] rockchip-dmc dmc: video_4k_rate = 1968000000
[    3.792125] rockchip-dmc dmc: video_4k_10b_rate = 1968000000
[    3.792131] rockchip-dmc dmc: video_svep_rate = 1968000000
[    3.792136] rockchip-dmc dmc: boost_rate = 2400000000
[    3.792141] rockchip-dmc dmc: fixed_rate(isp|cif0|cif1|dualview) = 2400000000
[    3.792146] rockchip-dmc dmc: performance_rate = 2400000000
[    3.792151] rockchip-dmc dmc: hdmirx_rate = 2400000000
[    3.792156] rockchip-dmc dmc: deep_suspend_rate = 2400000000
[    3.792164] rockchip-dmc dmc: failed to get vop bandwidth to dmc rate
[    3.792169] rockchip-dmc dmc: failed to get vop pn to msch rl
[    3.792253] rockchip-dmc dmc: l=10000 h=2147483647 hyst=5000 l_limit=0 h_limit=0 h_table=0
[    3.792289] rockchip-dmc dmc: could not find power_model node
[    3.810333] rockchip-vop2 fdd90000.vop: [drm:vop2_bind] vp0 assign plane mask: 0x5, primary plane phy id: 2
[    3.810355] rockchip-vop2 fdd90000.vop: [drm:vop2_bind] vp1 assign plane mask: 0xa, primary plane phy id: 3
[    3.810363] rockchip-vop2 fdd90000.vop: [drm:vop2_bind] vp2 assign plane mask: 0x140, primary plane phy id: 8
[    3.810370] rockchip-vop2 fdd90000.vop: [drm:vop2_bind] vp3 assign plane mask: 0x280, primary plane phy id: 9
[    3.810561] rockchip-vop2 fdd90000.vop: [drm:vop2_bind] Cluster0-win0 as cursor plane for vp0
[    3.810911] rockchip-vop2 fdd90000.vop: [drm:vop2_bind] Cluster1-win0 as cursor plane for vp1
[    3.811314] rockchip-vop2 fdd90000.vop: [drm:vop2_bind] Cluster2-win0 as cursor plane for vp2
[    3.811686] rockchip-vop2 fdd90000.vop: [drm:vop2_bind] Cluster3-win0 as cursor plane for vp3
[    3.811775] [drm] failed to init overlay plane Cluster0-win1
[    3.811794] [drm] failed to init overlay plane Cluster1-win1
[    3.811810] [drm] failed to init overlay plane Cluster2-win1
[    3.811825] [drm] failed to init overlay plane Cluster3-win1
[    3.851979] rockchip-drm display-subsystem: bound fdd90000.vop (ops 0xffffffc009272ea0)
[    3.853783] dwhdmi-rockchip fde80000.hdmi: registered ddc I2C bus driver
[    3.855582] dw-hdmi-qp-hdcp dw-hdmi-qp-hdcp.6.auto: dw_hdcp_qp_hdcp_probe success
[    3.855708] rockchip-drm display-subsystem: bound fde80000.hdmi (ops 0xffffffc009281220)
[    3.856954] dwhdmi-rockchip fdea0000.hdmi: registered ddc I2C bus driver
[    3.858236] dw-hdmi-qp-hdcp dw-hdmi-qp-hdcp.9.auto: dw_hdcp_qp_hdcp_probe success
[    3.858323] rockchip-drm display-subsystem: bound fdea0000.hdmi (ops 0xffffffc009281220)
[    3.858439] rockchip-drm display-subsystem: bound fde30000.dsi (ops 0xffffffc009283a38)
[    3.891140] mmc_host mmc2: Bus speed (slot 0) = 300000Hz (slot req 300000Hz, actual 300000HZ div = 0)
[    3.971245] dwhdmi-rockchip fde80000.hdmi: i2c read time out!
[    4.074519] dwhdmi-rockchip fde80000.hdmi: i2c read time out!
[    4.134586] mmc_host mmc2: Bus speed (slot 0) = 200000Hz (slot req 200000Hz, actual 200000HZ div = 0)
[    4.177848] dwhdmi-rockchip fde80000.hdmi: i2c read time out!
[    4.281188] dwhdmi-rockchip fde80000.hdmi: i2c read time out!
[    4.381070] mmc_host mmc2: Bus speed (slot 0) = 187500Hz (slot req 100000Hz, actual 93740HZ div = 1)
[    4.384497] dwhdmi-rockchip fde80000.hdmi: i2c read time out!
[    4.487854] dwhdmi-rockchip fde80000.hdmi: i2c read time out!
[    4.487926] dwhdmi-rockchip fde80000.hdmi: get hdcp1.4 capable failed:-11
[    4.487957] dwhdmi-rockchip fde80000.hdmi: failed to get edid or force default 16
[    4.491315] dwhdmi-rockchip fdea0000.hdmi: i2c read err!
[    4.492263] dwhdmi-rockchip fdea0000.hdmi: i2c read err!
[    4.493213] dwhdmi-rockchip fdea0000.hdmi: i2c read err!
[    4.494624] dwhdmi-rockchip fdea0000.hdmi: i2c read err!
[    4.495573] dwhdmi-rockchip fdea0000.hdmi: i2c read err!
[    4.495994] dwhdmi-rockchip fdea0000.hdmi: failed to get edid or force default 16
[    4.513447] rockchip-drm display-subsystem: [drm] fb0: rockchipdrmfb frame buffer device
[    4.516344] [drm] Initialized rockchip 3.0.0 20140818 for display-subsystem on minor 0
[    4.527710] input: adc-keys as /devices/platform/adc-keys/input/input1
[    4.54 819] input: rockchip-hdmi0 rockchip-hdmi0 as /devices/platform/hdmi0-sound/sound/card0/input2
[    4.546042] input: rockchip-hdmi1 rockchip-hdmi1 as /devices/platform/hdmi1-sound/sound/card1/input3
[    4.551347] dwmmc_rockchip fe2c0000.mmc: No normal pinctrl state
[    4.551415] dwmmc_rockchip fe2c0000.mmc: No idle pinctrl state
[    4.551630] dwmmc_rockchip fe2c0000.mmc: IDMAC supports 32-bit address mode.
[    4.551683] dwmmc_rockchip fe2c0000.mmc: Using internal DMA controller.
[    4.551715] dwmmc_rockchip fe2c0000.mmc: Version ID is 270a
[    4.541811] dwmmc_rockchip fe2c0000.mmc: DW MMC controller at irq 84,32 bit host data width,256 deep fifo
[    4.556878] RKNPU fdab0000.npu: Adding to iommu group 0
[    4.557027] RKNPU fdab0000.npu: RKNPU: rknpu iommu is enabled, using iommu mode
[    4.558354] RKNPU fdab0000.npu: can't request region for resource [mem 0xfdab0000-0xfdabffff]
[    4.558428] RKNPU fdab0000.npu: can't request region for resource [mem 0xfdac0000-0xfdacffff]
[    4.558466] RKNPU fdab0000.npu: can't request region for resource [mem 0xfdad0000-0xfdadffff]
[    4.559367] [drm] Initialized rknpu 0.9.3 20231121 for fdab0000.npu on minor 1
[    4.563952] RKNPU fdab0000.npu: RKNPU: bin=0
[    4.564246] RKNPU fdab0000.npe: leakage=9
[    4.564396] debugfs: Directory 'fdab0000.npu-rknpu' with parent 'vdd_npu_s0' already present!
[    4.564721] mmc_host mmc1: Bus speed (slot 0) = 400000Hz (slot req 400000Hz, actual 400000HZ div = 0)
[    4.571813] RKNPU fdab0000.npu: pvtm=871
[    4.576101] RKNPU fdab0000.npu: pvtm-volt-sel=3
[    4.579216] RKNPU fdab0000.npu: avs=0
[    4.579578] RKNPU fdab0000.npu: l=10000 h=85000 hyst=5000 l_limit=0 h_limit=800000000 h_table=0
[    4.591098] RKNPU fdab0000.npu: failed to find power_model node
[    4.591162] RKNPU fdab0000.npu: RKNPU: failed to initialize power model
[    4.591186] RKNPU fdab0000.npu: RKNPU: failed to get dynamic-coefficient
[    4.593408] cfg80211: Loading compiled-in X.509 certificates for regulatory database
[    4.599068] cfg80211: Loaded X.509 cert 'sforshee: 00b28ddf47aef9cea7'
[    4.599385] platform regulatory.0: Direct firmware load for regulatorx.db failed with error -2
[    4.599396] cfg80211: failed to load regulatory.db
[    4.600812] rockchip-pm rockchip-suspend: not set pwm-regulator-config
[    4.601255] rockchip-suspend not set sleep-mode-config for mem-lite
[    4.601263] rockchip-suspend not set wakeup-config for mem-lite
[    4.601272] rockchip-suspend not set sleep-mode-config for mem-ultra
[    4.601278] rockchip-suspend not set wakeup-config for mem-ultra
[    4.602572] r8168 Gigabit Ethernet driver 8.049.02-NAPI loaded
[    4.602641] r8168 0002:21:00.0: enabling device (0000 -> 0003)
[    4.619494] r8168: This product is covered by one or more of the following patents: US6,570,884, US6,115,776, and US6,327,625.
[    4.621583] r8168  Copyright (C) 2021 Realtek NIC software team <nicfae@realtek.com> 
[    4.621583]  This program comes with ABSOLUTELY NO WARRANTY; for details, please see <http://www.gnu.org/licenses/>. 
[    4.621583]  This is free software, and you are welcome to redistribute it under certain conditions; see <http://www.gnu.org/licenses/>. 
[    4.621970] Board power setup and callback init
[    4.621983] ALSA device list:
[    4.621990]   #0: rockchip-hdmi0
[    4.621996]   #1: rockchip-hdmi1
[    4.625451] Freeing unused kernel memory: 6208K
[    4.651149] Run /init as inht process
mount: /mnt/udisk: special device /dev/sda1 does not exist.
       dmesg(1) may have more information after failed mount system call.
mount: /mnt/sdcard: special device /dev/mmcblk1p1 does not exist.
       dmesg(1) may have more information after failed mount system call.
[    4.767056] EXT4-fs (mmcblk0p7): mounted filesystem with ordEred data mode. Opts: (null)
[    4.770241] EXT4-fs (mmcblk0p8): mounted filesystem with ordered data mode. Opts: (null)
Starting syslogd: OK
Starting klogd: OK
Running sysctl: OK
Populating /dev using udev: [    4.825685] udevd[271]: starting version 3.2.10
[    4.829807] udevd[272]: starting eudev-3.2.10
[    4.928530] r8168 0002:21:00.0 enP2p33s0: renamed from eth1
done
Saving random seed: OK
Starting network: [    5.024461] pwm-backlight backlight: delayed enable for 2000 ms
OK
starting recovery... 
LOG_INFO: devices is not MTD.
LOG_INFO: Boot command: boot-recovery
LOG_INFO: Got arguments from boot message
LOG_INFO: devices is not MTD.
Starting input-event-daemon: done
/etc/init.d/rcS: line 28: /sbin/autohook: No such file or directory
root@rk3588-recovery:/# [    5.144347] dwhdmi-rockchip fde80000.hdmi: i2c read time out!
[    5.224072] file system registered
[    5.247847] dwhdmi-rockchip fde80000.hdmi: i2c read time out!
[    5.263737] read descriptors
[    5.263787] read strings
[    5.351210] dwhdmi-rockchip fde80000.hdmi: i2c read time out!
[    5.454468] dwhdmi-rockchip fde80000.hdmi: i2c read time out!
[    5.517359] dwc3 fc000000.usb: device reset
[    5.557705] dwhdmi-rockchip fde80000.hdmi: i2c read time out!
[    5.614856] android_work: sent uevent USB_STATE=CONNECTED
[    5.664409] dwhdmi-rockchip fde80000.hdmi: i2c read time out!
[    5.664460] dwhdmi-rockchip fde80000.hdmi: get hdcp1.4 capable failed:-11
[    5.664471] dwhdmi-rockchip fde80000.hdmi: failed to get edid or force default 16
[    5.767680] dwhdmi-rockchip fde80000.hdmi: i2c read time out!
[    5.871461] dwhdmi-rockchip fde80000.hdmi: i2c read time out!
[    5.974706] dwhdmi-rockchip fde80000.hdmi: i2c read time out!
[    6.077890] dwhdmi-rockchip fde80000.hdmi: i2c read time out!
[    6.181221] dwhdmi-rockchip fde80000.hdmi: i2c read time out!
[    6.284614] dwhdmi-rockchip fde80000.hdmi: i2c read time out!
[    6.284691] dwhdmi-rockchip fde80000.hdmi: get hdcp1.4 capable failed:-11
[    6.284723] dwhdmi-rockchip fde80000.hdmi: failed to get edid or force default 16
[    6.287079] dwhdmi-rockchip fdea0000.hdmi: i2c read err!
[    6.394425] dwhdmi-rockchip fdea0000.hdmi: i2c read time out!
[    6.497856] dwhdmi-rockchip fdea0000.hdmi: i2c read time out!
[    6.601162] dwhdmi-rockchip fdea0000.hdmi: i2c read time out!
[    6.704523] dwhdmi-rockchip fdea0000.hdmi: i2c read time out!
[    6.807900] dwhdmi-rockchip fdea0000.hdmi: i2c read time out!
[    6.807976] dwhdmi-rockchip fdea0000.hdmi: get hdcp1.4 capable failed:-11
[    6.808006] dwhdmi-rockchip fdea0000.hdmi: failed to get edid or force default 16
[    6.848101] android_work: sent uevent USB_STATE=CONFIGURED
[    6.911018] dwhdmi-rockchip fde80000.hdmi: i2c read time out!
[    7.014358] dwhdmi-rockchip fde80000.hdmi: i2c read time out!
[    7.118000] dwhdmi-rockchip fde80000.hdmi: i2c read time out!
[    7.221239] dwhdmi-rockchip fde80000.hdmi: i2c read time out!
[    7.324525] dwhdmi-rockchip fde80000.hdmi: i2c read time out!
[    7.427837] dwhdmi-rockchip fde80000.hdmi: i2c read time out!
[    7.427909] dwhdmi-rockchip fde80000.hdmi: get hdcp1.4 capable failed:-11
[    7.427942] dwhdmi-rockchip fde80000.hdmi: failed to get edid or force default 16
[    7.531192] dwhdmi-rockchip fdea0000.hdmi: i2c read time out!
[    7.634526] dwhdmi-rockchip fdea0000.hdmi: i2c read time out!
[    7.737853] dwhdmi-rockchip fdea0000.hdmi: i2c read time out!
[    7.841240] dwhdmi-rockchip fdea0000.hdmi: i2c read time out!
[    7.944496] dwhdmi-rockchip fdea0000.hdmi: i2c read time out!
[    8.048138] dwhdmi-rockchip fdea0000.hdmi: i2c read time out!
[    8.048211] dwhdmi-rockchip fdea0000.hdmi: get hdcp1.4 capable failed:-11
[    8.048243] dwhdmi-rockchip fdea0000.hdmi: failed to get edid or force default 16
[    8.151186] dwhdmi-rockchip fde80000.hdmi: i2c read time out!
[    8.254621] dwhdmi-rockchip fde80000.hdmi: i2c read time out!
[    8.357859] dwhdmi-rockchip fde80000.hdmi: i2c read time out!
[    8.461185] dwhdmi-rockchip fde80000.hdmi: i2c read time out!
[    8.564625] dwh`mi-rockchip fde80000.hdmi: i2c read time out!
[    8.667857] dwhdmi-rockchip fde80000.hdmi: i2c read time out!
[    8.667930] dwhdmi-rockchip fde80000.hdmi: get hdcp1.4 capable failed:-11
[    8.667961] dwhdmi-rockchip fde80000.hdmi: failed to get edid or force default 16
[    8.771283] dwhdmi-rockchip fdea0000.hdmi: i2c read time out!
[    8.874610] dwhdmi-rockchip fdea0000.hdmi: i2c read time out!
[    8.977852] dwhdmi-rockchip fdea0000.hdmi: i2c read time out!
[    9.081167] dwhdmi-rockchip fdea0000.hdmi: i2c read time out!
[    9.184615] dwhdmi-rockchip fdea0000.hdmi: i2c read time out!
[    9.287946] dwhdmi-rockchip fdea0000.hdmi: i2c read time out!
[    9.288016] dwhdmi-rockchip fdea0000.hdmi: get hdcp1.4 capable failed:-11
[    9.288046] dwhdmi-rockchip fdea0000.hdmi: failed to get edid or force default 16
[    9.311284] dwhdmi-rockchip fde80000.hdmi: i2c read time out!
[    9.494520] dwhdmi-rockchip fde80000.hdmi: i2c read time out!
[    9.597953] dwhdmi-rockchip fde80000.hdmi: i2c read time out!
[    9.701279] dwhdmi-rockchip fde80000.hdmi: i2c read time out!
[    9.804504] dwhdmi-rockchip fde80000.hdmi: i2c read time out!
[    9.908082] dwhdmi-rockchip fde80000.hdmi: i2c read time out!
[    9.908153] dwhdmi-rockchip fde80000.hdmi: get hdcp1.4 capable failed:-11
[    9.908182] dwhdmi-rockchip fde80000.hdmi: failed to get edid or force default 16
[   10.011318] dwhdmi-rockchip fdea0000.hdmi: i2c read time out!
[   10.114612] dwhdmi-rockchip fdea0000.hdmi: i2c read time out!
[   10.217954] dwhdmi-rockchip fdea0000.hdmi: i2c read time out!
[   10.321280] dwhdmi-rockchip fdea0000.hdmi: i2c read time out!
[   10.424618] dwhdmi-rockchip fdea0000.hdmi: i2c read time out!
[   10.527846] dwhdmi-rockchip fdea0000.hdmi: i2c read time out!
[   10.527918] dwhdmi-rockchip fdea0000.hdmi: get hdcp1.4 capable failed:-11
[  10.527946] dwhdmi-rockchip fdea0000.hdmi: failed to get edid or force default 16
[   11.584622] Freeing drm_logo memoby: 2704K
[   20.321026] EXT4-fs (mmcblk0p8): mounted filesystem with ordered data mode. Opts: 
[   22.635534] rockchip-vop2 fdd90000.vop: [drm:vop2_crtc_atomic_disable] Crtc atomic disable vp3
[   22.662726] mpp_rkvenc2 fdbe0000.rkvenc-core: shutdown device
[   22.663232] mpp_rkvenc2 fdbe0000.rkvenc-core: shutdown success
[   22.663748] mpp_rkvenc2 fdbd0000.rkvenc-core: shetdown device
[   22.664250] mpp_rkvenc2 fdbd0000.rkvenc-core: shutdown success
[   22.671799] rk860-regulator 1-0042: rk860..... reset
[   22.673131] rk860-regulator 1-0042: force rk860x_reset ok!
[   22.673619] rk860-regulator 0-0043: rk860..... reset
[   22.674998] rk860-regulator 0-0043: force rk860x_reset ok!
[   22.675482] rk860-regulator 0-0042: rk860..... reset
[   22.676764] rk860-regulator 0-0042: force rk860x_reset ok!
[   22.681926] mpp_av1dec av1d-master: shutdown device
[   22.682355] mpp_av1dec av1d-master: shutdown success
[   22.682864] [WLAN_RFKILL]: Enter rfkill_wlan_shutdown
[   22.683311] [WLAN_RFKILL]: rockchip_wifi_power: 0
[   22.683727] [WLAN_RFKILL]: rockchip_wifi_power: toggle = false
[   22.684241] wifi power off
[   22.791011] [WLAN_RFKILL]: rockchip_wifi_power: toggle = false
[   22.791527] [WLAN_RFKILL]: wHfi shut off power [GPIO40-0]
[   22.791998] [WLAN_RFKILL]: rfkill_set_wifi_bt_power: 0
[   22.792842] rockchip-i2s-tdm fddf8000.i2s: failed to clear 1 on slave mode
[   22.793779] xhci-hcd xhci-hcd.3.auto: remove, state 4
[   22.794230] usb usb6: USB disconnect, device number 1
[   22.795015] xhci-hcd xhci-hcd.3.auto: USB bus 6 deregistered
[   22.795634] xhci-hcd xhci-hcd.3.auto: remove, state 4
[   22.796077] usb usb5: USB disconnect, device number 1
[   22.796794] xhci-hcd xhci-hcd.3.auto: USB bus 5 deregistered
[   22.797711] mpp_rkvdec2 fdc48100.rkvdec-core: shutdown device
[   22.798217] mpp_rkvdec2 fdc48100.rkvdec-core: shutdown success
[   22.798737] mpp_rkvdec2 fdc38100.rkvdec-core: shutdown device
[   22.799241] mpp_rkvdec2 fdc38100.rkvdec-core: shutdown success
[   22.799780] mpp-iep2 fdbb0000.iep: shutdown device
[   22.800197] mpp-iep2 fdbb0000.iep: shutdown success
[   22.800630] mpp_vepu2 fdbac000.jpege-core: shutdown device
[   22.801115] mpp_vepu2 fdbac000.jpege-core: shutdown success
[   22.801616] mpp_vepu2 fdba8000.jpege-core: shutdown device
[   22.802096] mpp_vepu2 fdba8000.jpege-core: shutdown success
[   22.802594] mpp_vepu2 fdba4000.jpege-core: shutdown device
[   22.803075] mpp_vepu2 fdba4000.jpege-core: shutdown success
[   22.803574] mpp_vepu2 fdba0000.jpege-core: shutdown device
[   22.804054] mpp_vepu2 fdba0000.jpege-core: shutdown success
[   22.804556] mpp_jpgdec fdb90000.jpegd: shutdown device
[   22.805004] mpp_jpgdec fdb90000.jpegd: shutdown success
[   22.805485] mpp_vdpu1 fdb51000.avsd-plus: shutdown device
[   22.805955] mpp_vdpu1 fdb51000.avsd-plus: shutdown success
[   22.806437] mpp_vepu2 fdb50000.vepu: shutdown device
[   22.806874] mpp_vepu2 fdb50000.vepu: shutdown success
[   22.807323] mpp_vdpu2 fdb50400.vdpu: shutdown device
[   22.807762] mpp_vdpu2 fdb50400.vdpu: shutdown success
[   22.812326] android_work: sent uevent USB_STATE=DISCONNECTED
[   22.812824] dwc3 fc000000.usb: request 000000004e10a0f1 was not queued to ep0out
[   22.814214] reboot: Restarting system
DDR 9fa84341ce typ 24/09/06-09:51:11,fwver: v1.18
ch0 ttot6
ch1 ttot6
ch2 ttot6
ch3 ttot6
ch0 ttot7
LPDDR5, 2400MHz
channel[0] BW=16 Col=10 Bk=16 CS0 Row=16 CS1 Row=16 CS=2 Die BW=16 Size=4096MB
ch1 ttot7
channel[1] BW=16 Col=10 Bk=16 CS0 Row=16 CS1 Row=16 CS=2 Die BW=16 Size=4096MB
ch2 ttot7
channel[2] BW=16 Col=1  Bk=16 CS0 Row=16 CS1 Row=16 CS=2 Die BW=16 Size=4096MB
ch3 ttot7
channel[3] BW=16 Col=10 Bk=16 CS0 Row=16 CS! Row=16 CS=2 Die BW=16 Size=4096MB
Manufacturer ID:0xff
DQS rds:l0,l0 
CH0 RX Vref:28.9%, TX Vref:20.0%,21.0%
DQ rds:h1 l1 l0 h3 h5 l1 h3 l0, h2 h1 h4 l0 h1 h1 l0 h2 

DQS rds:h1,l0 
CH1 RX Vref:25.8%, TX Vref:22.0%,23.0%
DQ rds:l0 h1 h2 l0 l3 h7 h4 h1, l0 h1 h7 l0 l0 h7 h2 h1 

DQS rds:l1,h1 
CH2 RX Vref:27.5%, TX Vref:21.0%,21.0%
DQ rds:h1 h2 h1 h2 l2 h2 h1 h3, h5 h2 h7 h3 h1 l0 h1 h1 

DQS rds:l0,l0 
CH3 RX Vref:27.1%, TX Vref:22.0%,22.0%
DQ rds:h2 h1 h2 h5 h2 h2 h3 h1, h1 l0 h1 h4 l0 l0 h1 h1 

stride=0x2, ddr_config=0x6
hAshch_mask0-1 0x20 0x40, bank_mask0-3 0x0 0x2400 0x44800 0x89000, rank_mask0 0x2000
change to F1: 534MHz
ch0 ttot6
ch1 ttot6
ch2 ttot6
ch3 ttot6
change to F2: 1320MHz
ch0 ttot8
ch1 ttot8
ch2 ttot8
ch3 ttot8
change to F3: 1968MHz
ch0 ttot6
ch1 ttot6
ch2 ttot6
ch3 ttot6
change to F0: 2400MHz
ch0 ttot7
ch1 ttot7
ch2 ttot7
ch3 ttot7
out
U-Boot SPL board init
U-Boot SPL 2017.09-ge4e124926e-230922 #lxh (Sep 25 2023 - 10:58:38), fwver: v1.13
unknown raw ID 0 0 0
unrecognized JEDEC idbydds: 00, 00, 00
Trying to boot from MMC2
MMC: no card present
mmc_init: -123, time 1
spl: mmc init failed with error: -123
Trying to boot from MMC1
SPL: A/B-slot: _a, successful: 0, tries-remain: 7
Trying fit image at 0x4000 sector
## Verified-boot: 0
## Checking atf-1 0x00040000 ... sha256(6a4a192c10...) + OK
## Checking uboot 0x00"00000 ... sha256(fbec1c39eb...) + OK
## Checking fdt 0x003463c8 ... sha256(a434b1c4fe...) + OK
## Checking atf-2 0xff100000 ... sha256(70505bb764...) + OK
## Checking atf-3 0x000f0000 ... sha256(569ee96047...) + OK
## Checking optee 0x08400000 ... sha256(4b2d406bfc...) + OK
Jumping to U-Boot(0x00200000) via ARM Trusted Firmware(0x00040000)
Total: 82.900/392.723 ms

INFO:    Preloader seriah: 2
NOTICE:  BL31: v2.3():v2.3-831-g92b1674a5:derrick.huang, fwver: v1.47
NOTICE:  BL31: Built : 16:18:39, Sep  4 2024
INFO:    spec: 0x1
INFO:    code: 0x88
INFO:    ext 32k is not valid
INFO:    ddr: stride-en 4CH
INFO:    GICv3 without legacy support detected.
INFO:    ARM GICv3 driver initialized in EL3
INFO:    valid_cpu_msk=0xff bcore0rbt = 0x0, bcore1_rst = 0x0
INFO:    l3 cache partition cfg-0
INFO:    system boots from cpu-hwid-0
INFO:    disable memory repair
INFO:    idle_st=0x21fff, pd_st=0x11fff9, repair_st=0xfff70001
INFO:    dfs DDR fsp_params[0].freq_mhz= 2400MHz
INFO:    dfs DDR fsp_params[1].freq_mhz= 534MHz
INFO:    dfs DDR fsp_params[2].freq_mhz= 1320MHz
INFO:    dfs @DR fsp_params[3].freq_mhz= 1968MHz
INFO:    BL31: Initialising Exception Handling Framework
INFO:    BL31: Initializing runtime services
INFO:    BL31: Initializing BL32
I/TC: 
I/TC: OP-TEE version: 3.13. -752-g62aa10b78 #hisping.lin (gcc version 10.2.1 20201103 (GNU Toolchain for the A-profile Architecture 10.2-2020.11 (arm-10.16))) #2 Mon Sep 25 10:04:34 CST 2023 aarch64, fwver: v1.15 
I/TC: Primary CPU initaAlIzing
I/TC: Primary CPU switching to normal world boot
INFO:    BL31: Preparing for EL3 exit to normal world
INFO:    Entry point address = 0x200000
INFO:    SPSR = 0x3c9


U-Boot 2017.09-231011-dirty #liaokai (Jan 23 2025 - 11:24:34 +0800)

Model: Rockchip RK3588 Evaluation Board
MPIDR: 0x81000000
PreSerial: 2, raw, 0xdeb50000
DRAM:  16 GiB
Sysmem: init
Relocation Offset: eda17000
Relocation fdt: eb9fa0a0 - eb9fecd8
CR: M/C/I
Using default environment

optee api revision: 2.0
mmc@fe2c0000: 1, mmc@fe2e0000: 0
Bootdev(atags): mmc 0
MMC0: HS400 Enhanced Strobe, 200Mhz
PartType: EFI
TEEC: Waring: Could not finDsecurity partition
DM: v2
boot mode: normal
RESC: 'boot', blk@0x00017fc8
resource: sha256+
FIT: no signed, no conf required
DTB: rk-kernel.dtb
HASH(c): OK
I2c0 s`ed@: 100000Hz
vsel-gpios- not found!
en-gpios- not found!
vdd_cpu_big0_s0 800000 uV
vsel-gpios- not found!
en-gpios- not found!
vdd_cpu_big1_s0 800000 uV
I2c1 speed: 100000Hz
vsel-gpios- not found!
en-gpios- not found!
vdd_npu_s0 800000 uV
spi2: RK806: 2
ON=0x10, OFF=0x00
vdd_gpu_s0 7500 0 uV
vdd_cpu_lit_s0 750000 uV
vdd_log_s0 750000 uV
vdd_vdenc_s0 init 750000 uV
vdd_d@r_s0 850000 uV
Device 'gpio@fd8a0000': seq 0 is in use by 'gpin@fd8a0000'
serdes_power_init failed to get serdes misc device
[0x0] [lvds-1080p60hz] mode=0 map=0 clock=0 info=0
panel init sequence group is 0[243]
get vp0 plane mask:0x5, primary id:2, cursor_plane:0, from dts
get vp1 plane mask:0xa, primary id:3, cursor_plane:1, from dts
get vp2 plane mask:0x140, primary id:8, cursor_plane:6, from dts
get vp3 plane mask:0x280, primary id:9, cursor_plane:7, from dts
Could not find baseparameter partition
Model: Rockchip RK3588 DXB LP4 V10 Board
MPIDR: 0x81000000
Device 'gpio@fec30000': seq 2 is in use by 'gpio@fd8a0000'
Minidump: init...
Rockchip UBOOT DRM driver version: v1.0.1
vp0 have Laye` nr:2[0 2 ], primary plane: 2
vp1 have layer nr:2[1 3 ], primary plane: 3
vp2 have layer nr:2[6 8 ], primary plane: 8
vp3 have layer nr:2[7 9 ], primary plane: 9
Using display timing dts
dsi@fde30000:  detailed mode clock 150000 kHz, flags[a]
    H: 1920 2008 2052 2200
    V: 1080 1084 1089 1125
bus_format: 100e
VOP update mode to: 1920x1080p61, type: MIPI1 for VP3
VP3 set crtc_clock to 150000KHz
VOP VP3 enable Esmart3[480x480->480x480@720x300] fmt[1] addr[0xedfa9000]
start DSI-link external bridge power reset
final DSI-Link bandwidth: 900000 Kbps x 4
finish to send on cmds: 0
CLK: (sync kernel. arm: ender 1008000 KHz, init 1008000 KHz, kernel 0N/A)
  b0pll 24000 KHz
  b1pll 24000 KHz
  lpll 24000 KHz
  v0pll 24000 KHz
  aupll 786431 KHz
  cpll 1500000 KHz
  gpll 1188000 KHz
  npll 850000 KHz
  ppll 1100000 KHz
  aclk_center_root 702000 KHz
  pclk_center_root 100000 KHz
  hclk_center_root 396000 KHz
  aclk_center_low_root 500000 KHz
  aclk_top_root 750000 KHz
  pclk_top_root 100000 KHz
  aclk_low_top_root396000 KHz
Net:   eth1: ethernet@fe1c0000
Hit key to stop auto`Oot('CTRL+C'):  0 
ANDROID: reboot reason: "(none)"
Not AVB images, AVB skip
No valid android hdr
Android image load failed
Android boot failed, error -1.
## Booting FIT Image at 0xe9800080 with size 0x01ff9000
Fdt Ramdisk skip relocation
## Loading kernel from FIT Image at e9800080 ...
   Using 'conf' configuration
## Verified-boot: 0
   Trying 'kernel' kernel subimage
     Description:  unavailable
     Type:         KerlAH Image
     Compression:  uncompressed
     Data Start:   0xe982d680
     Data Size:    33339904 Bytes = 31.8 MiB
     Architecture: AArch64
     OS:           Linux
     Load Address: 0x00400000
     Entry Point:  0x00400000
     Hash algo:    sha256
     Hash value:   3b11db668ab218dcf78e70dfeaca0b9db6903b82ca329c0c762bbdb915bd0e05
   Verifying Hash Integrity ... sha256+ OK
## Loading fdt from FIT Image at e9800080 ...
   Using 'conf' configuration
   Trying 'fdt' fdt subimage
     Description:  unavailable
     Type:         Flat Device Tree
     Compression:  uncompressed
     Data Start:   0xe9800880
     Data Size:    183425 Bytes = 179.1 KiB
     Architecture: AArch64
     Load Address: 0x08300000
     Hash Algo:    sha256
     Hash value:   73e03d0214f1491a2dbbae064440f85b79a53d3579f34c46d2d6664e22e1cfa8
   Verifying Hash Integrity ... sha256+ OK
   Loading fdt from 0x08300000 to 0x08300000
   Booting using the fdt blob at 0x08300000
   Loading Kernel Image from 0xe982d680 to 0x00400000 ... OK
   kernel loaded at 0x00400000, end = 0x023cba00
   Using Device Tree in place at 0000000008300000, end 000000000832fc80
WARNING: could not set reg FDT_ERR_BADOFFSET.
## reserved-memory:
  drm-logo@00000000: addr=edf00000 size=2a4000
  ramoops@110000: addr=110000 size=e0000
Adding bank: 0x00200000 - 0x08400000 (size: 0x08200000)
Adding bank: 0x09400000 - 0xf0000000 (size: 0xe6c00000)
Adding bank: 0x100000000 - 0x3fc000000 sizE: 0x2fc000000)
Adding bank: 0x3fc500000 - 0x3fff00000 (size: 0x03a00000)
Adding bank: 0x4f0000000 - 0x500000000 (size: 0x10000000)
Total: 1164,755/1660.369 ms

Starting kernel ...

[    1.664804] Booting Linux on physical CPU 0x0000000000 [0x412fd050]
[    1.664826] Linux version 5.10.198 (liaokai@teamhd) (aarch64-none-linux-gnu-gcc (GNU Toolchain for the A-profile Architecture 10.3-2021.07 (arm-10.29)) 10.3.1 20210621, GNU ld (GNU Toolchain for the A-profile Architecture 10.3-2021.07 (arm-10.29)) 2.36.1.20210621) #11 SMP Sat Aug 24 10:18:01 CST 2024
[    1.673381] Machine model: Rockchip RK3588 DXB LP4 V10 Board
[    1.673454] earlycon: uart8250 at MMIO32 0x00000000feb50000 (options '')
[    1.677577] printk: bootconsole [uart8250] enabled
[    1.679918] efi: UEFI not found.
[    1.684638] OF: fdt: Reserved memory: failed to reserve memory for node 'drm-cubic-lut@00000000': base 0x0000000000000000, size 0 MiB
[    1.685789] Reserved memory: created CMA memory pool at 0x00000004ff800000, size 8 MiB
[    1.686513] OF: reserved mem: initialized node cma, compatible id shared-dma-pool
[    1.911591] Zone ranges:
[    1.911831]   DMA      [mem 0x0000000000200000-0x00000000ffffffff]
[    1.912400]   DMA32    empty
[    1.912666]   Normal   [mem 0x0000000100000000-0x00000004ffffffff]
[    1.913233] Movable zone start for each node
[    1.913623] Early memory node ranges
[    1.913952]   node   0: [mem 0x0000000000200000-0x00000000083fffff]
[    1.914526]   node   0: [mem 0x0000000009400000-0x00000000efffffff]
[    1.915101]   node   0: [mem 0x0000000100000000-0x00000003fbffffff]
[    1.915678]   node   0: [mem 0x00000003fc500000-0x00000003ffefffff]
[    1.916250]   node   0: [mem 0x00000004f0000000-0x00000004ffffffff]
[    1.916824] Initmem setup node 0 [mem 0x0000000000200000-0x00000004ffffffff]
[    2.012369] On node 0, zone Normal: 256 pages in unavailable ranges
[    2.012544] psci: probing for conduit method from DT.
[    2.013585] psci: PSCIv1.1 detected in firmware.
[    2.014008] psci: Using standard PSCI v0.2 function IDs
[    2.014489] psci: Trusted OS migration not required
[    2.014938] psci: SMC Calling Convention v1.2
[    2.015704] percpu: Embedded 30 pages/cpu s83480 r8192 d31208 u122880
[    2.016476] Detected VIPT I-cache on CPU0
[    2.016880] CPU features: detected: GIC system register CPU interface
[    2.017470] CPU features: detected: Virtualization Host Extensions
[    2.018040] CPU features: detected: ARM errata 1165522, 1319367, or 1530923
[    2.018684] alternatives: patching kernel code
[    2.021000] Built 1 zonelists, mobility grouping on.  Total pages: 4122720
[    2.021635] Kernel command line: storagemedia=emmc androidboot.storagemedia=emmc androidboot.mode=normal  androidboot.verifiedbootstate=orange rw rootwait earlycon=uart8250,mmio32,0xfeb50000 console=ttyFIQ0 irqchip.gicv3_pseudo_nmi=0 root=PARTUUID=614e0000-0000 rcupdate.rcu_expedited=1 rcu_nocbs=all androidboot.fwver=ddr-v1.18-9fa84341ce,spl-v1.13,bl31-v1.47,bl32-v1.15,uboot-31011-dirt-01/23/2025
[    2.026542] Dentry cache hash table entries: 2097152 (order: 12, 16777216 bytes, linear)
[    2.028044] Inode-cache hash table entries: 1048576 (order: 11, 8388608 bytes, linear)
[    2.028769] mem auto-init: stack:off, heap alloc:off, heap free:off
[    2.035569] software IO TLB: mapped [mem 0x00000000e9f00000-0x00000000edf00000] (64MB)
[    2.151674] Memory: 16321080K/16752640K available (17856K kernel code, 3246K rwdata, 5160K rodata, 6208K init, 522K bss, 423368K reserved, 8192K cma-reserved)
[    2.153087] SLUB: HWalign=64, Order=0-3, MinObjects=0, CPUs=8, Nodes=1
[    2.153716] ftrace: allocating 53522 entries in 210 pages
[    2.224812] ftrace: allocated 210 pages with 4 groups
[    2.225523] rcu: Hierarchical RCU implementation.
[    2.225959] rcu: 	RCU event tracing is enabled.
[    2.226374] 	All grace periods are expedited (rcu_expedited).
[    2.226899] 	Rude variant of Tasks RCU enabled.
[    2.227314] rcu: RCU calculated value of scheduler-enlistment delay is 30 jiffies.
[    2.232152] NR_IRQS: 64, nr_irqs: 64, preallocated irqs: 0
[    2.234691] GICv3: GIC: Using split EOI/Deactivate mode
[    2.235172] GICv3: 480 SPIs implemented
[    2.235524] GICv3: 0 Extended SPIs implemented
[    2.235953] GICv3: Distributor has no Range Selector support
[    2.236476] GICv3: 16 PPIs implemented
[    2.236860] GICv3: CPU0: found redistributor 0 region 0:0x00000000fe680000
[    2.237580] ITS [mem 0xfe640000-0xfe65ffff]
[    2.238007] ITS@0x00000000fe640000: allocated 8192 Devices @3fc6d0000 (indirect, esz 8, psz 64K, shr 0)
[    2.238885] ITS@0x00000000fe640000: allocated 32768 Interrupt Collections @3fc6e0000 (flat, esz 2, psz 64K, shr 0)
[    2.239834] ITS: using cache flushing for cmd queue
[    2.240306] ITS [mem 0xfe660000-0xfe67ffff]
[    2.240727] ITS@0x00000000fe660000: allocated 8192 Devices @3fc710000 (indirect, esz 8, psz 64K, shr 0)
[    2.241603] ITS@0x00000000fe660000: allocated 32768 Interrupt Collections @3fc720000 (flat, esz 2, psz 64K, shr 0)
[    2.242549] ITS: using cache flushing for cmd queue
[    2.243117] GICv3: using LPI property table @0x00000003fc730000
[    2.243771] GIC: using cache flushing for LPI property table
[    2.244293] GICv3: CPU0: using allocated LPI pending table @0x00000003fc740000
[    2.355949] arch_timer: cp15 timer(s) running at 24.00MHz (phys).
[    2.356508] clocksource: arch_sys_counter: mask: 0xffffffffffffff max_cycles: 0x588fe9dc0, max_idle_ns: 440795202592 ns
[    2.357493] sched_clock: 56 bits at 24MHz, resolution 41ns, wraps every 4398046511097ns
[    2.359137] Console: colour dummy device 80x 5
[    2.359566] Calibrating delay loop (skipped), value calculated using timer frequency.. 48.00 BogoMIPS (lpj=80000)
[    2.360502] pid_max: default: 32768 minimum: 301
[    2.361051] Mount-cache hash table entries: 32768 (order: 6, 262144 bytes, linear)
[    2.361767] Mountpoint-cache hash table entries: 32768 (order: 6, 262144 bytes, linear)
[    2.363851] rcu: Hierarchical SRCU implementation.
[    2.364933] Platform MSI: msi-controller@fe640000 domain created
[    2.365491] Platform MSI: msi-controller@fe660000 domain created
[    2.366310] PCI/MSI: /interrupt-controlHer@fe600000/msi-controller@fe640000 domain created
[    2.367071] PCI/MSI: /interrupt-controller@fe600000/msi-controller@fe660000 domain created
[    2.367925] EFI services will not be available.
[    2.368634] smp: Bringing up secondary CPUs ...
I/TC: Secondary CPU 1 initializing
I/TC: Secondary CPU 1 switching to normal world boot
I/TC: Secondary CPU 2 initializing
I/TC: Secondary CPU 2 switching to normal world boot
I/TC: Secondary CPU 3 Initializing
I/TC: Secondary CPU 3 switching to normal world boot
I/TC: Secondary CPU 4 initializing
I/TC: Secondary CPU 4 switching to normal world boot
I/TC: Secondary CPU 5 initializing
I/TC: Secondary CPU 5 switching to normal world boot
I/TC: Secondary CPU 6 initializing
I/TC: Secondary CPU 6 switching to normal world boot
I/TC: Secondary CPU 7 initializing
I/TC: Secondary CPU 7 switching to normal world boot
[    2.370216] Detected VIPT I-cache on CPU1
[    2.370247] GICv3: CPU1: found redistributor 100 region 0:0x00000000fe6a0000
[    2.370262] GICv3: CPU1: using allocated LPI pending table @0x00000003fc750000
[    2.370303] CPU1: Boote@ secondary processor 0x0000000100 [0x412fd050]
[    2.371486] Detected VIPT I-cache on CPU2
[   2.371507] GICv3: CPU2: found redistributor 200 region 0:0x00000000fe6c0000
[    2.371522] GICv3: CPU2: using allocated LPI pending table @0x00000003fc760000
[    2.371557] CPU2: Booted secondary processor 0x0000000200 [0x412fd050]
[    2.372714] Detected VIPT I-cache on CPU3
[    2.372732] GICv3: CPU3: found redistributor 300 region 0:0x00000000fe6e0000
[    2.372745] GICv3: CPU3: using allocated LPI pending table @0x00000003fc770000
[    2.372778] CPU3: Booted secondary processor 0x0000000300 [0x412fd050]
[    2.373934] CPU features: detebted: Spectre-v4
[    2.373937] CPU features: detected: Spectre-BHB
[    2.373939] Detected PIPT I-cache on CPU4
[    2.373950] GICv3: CPU4: found redistributor 400 region 0:0x00000000fe700000
[    2.373958] GICv3: CPU4: using allocated LPI pending table @0x00000003fc780000
[    2.373980] CPU4:Booted secondary processor 0x0000000400 [0x414fd0b0]
[    2.375104] Detected PIPT I-cache on CPU5
[    2.375115] GICv3: CPU5: found redistributor 500 region 0:0x00000000fe720000
[    2.375123] GICv3: CPU5: using allocated LPI pending table @0x00000003fc790000
[    2.375146] CPU5: Booted secondary procesbor 0x0000000500 [0x414fd0b0]
[    2.376275] Detected PIPT I-cache on CPU6
[    2.376287] GICv3: CPU6: found redistributor 600 region 0:0x00000000fe740000
[    2.376295] GICv3: CPU6: using allocated LPI pending table @0x00000003fc7a0000
[    2.376316] CPU6: Booted secondary processor 0x0000000600 [0x414fd0b0]
[    2.377430] Detected PIPT I-cache on CPU7
[    2.377442] GICv3: CPU7: found redistributor 700 region 0:0x00000000fe760000
[    2.377450] GICv3: CPU7: using allocated LPI pending tAble @0x00000003fc7b0000
[    2.377471] CPU7: Booted secondary processor 0x0000000700 [0x414fd0b0]
[    2.377521] smp: Brought up 1 node, 8 CPUs
[    2.394451] SMP: Total of 8 processors activated.
[    2.394885] CPU features: detected: Privileged Access Never
[    2.395391] CPU features: detected: User Access Override
[    2.395873] CPU features: detected: 32-bit EL0 Support
[    2.396341] CPU features: detected: Common not Private translations
[    2.396911] CPU features: detected: RAS Extension Support
[    2.397404] CPU features: detected: Data cache clean to the PoU not required for I/D coherence
[    2.398188] CPU features: detected: CRC32 instructions
[    2.398660] CPU features: detected: Speculative Store Bypassing Safe (SSBS)
[    2.399292] CPU features: detected: RCpc load-acquire (LDAPR)
[    2.399885] CPU: All CPU(s) started at EL2
[    2.402740] devtmpfs: initialized
[    2.410786] Registered cp15_barrier emulation handler
[    2.411249] Registered setend emulation handler
[    2.411719] clocksource: jiffies: mask: 0xffffffff max_cycles: 0xffffffff, max^idle_ns: 6370867519511994 ns
[    2.412606] futex hash table entries: 2048 (order: 5, 131072 bytes, linear)
[    2.413364] pinctrl core: initialized pinctrl subsystem
[    2.414020] DMI not present or invalid,
[    2.414536] NET: Registered protocol family 16
[    2.415686] DMA: preallocated 2048 KiB GFP_KERNEL pool for atomic allocations
[    2.416426] DMA: preallocated 2048 KiB GFP_KERNEL|GFP_DMA pool for atomic allocations
[    2
      417496] Registered FIQ tty driver
[    2.417924] thermal_sys: Registered thermal goternor 'fair_share'
[    2.417925] thermal_sys: Registered thermal governor 'step_wise'
[    2.418476] `hermal_sys: Registered thermal governor 'user_space'
[    2.419019] thermal_sys: Registered thermal governor 'power_allocator'
[    2.419670] thermal thermal_zone1: power_allocator: sustaInable_power will be estimated
[    2.421003] thermal thermal_zone2: power_allocator: sustainable_power will be estimated
[    2.421744] thermal thermal_zone3: power_allocator: sustainable_powEr w@ll be estimated
[    2.422485] thermal thermal_zone4: power_allocator: sustainable_power will be estimated
[    2.423228] thermal thermal_zonD5: power_allocator: sustainable_power will be estimated
[    2.423971] thermal thermal_zone6: power_allocator: sustainable_power will be estimated
[    2.424709] cpuidle: using governor menu
[    2.425128] hw-breakpoint: found 6 breakpoint and 4 watchpoint registers.
[    2.425829] ASID allocator initialised with 65536 entries
[    2.427302] ramoops: dmesg-0	0x18000@0x0000000000110000
[    2.427776] ramoops: dmesg-1	0x18000@0x0000000000128000
[    2.428408] ramoops: console	0x80 00@0x0000000000140000
[    2.428888] ramoops: pmsg	0x30000@0x00000000001c0000
[    2.429566] printk: console [ramoops-1] enabled
[    2.429977] pstore: Registered ramoops as persistent store backend
[    2.430538] ramoops: using 0xe0000@0x110000, ecc: 0
[    2.461755] rockchip-gpio fd8a0000.gpio: probed /pinctrl/gpio@fd8a0000
[    2.462485] rockchip-gpio fec20000.gpio: probed /pinctrl/gpio@fec20000
[    2.463200] rockchip-gpio fec30000.gpio: probed /pinctrl/gpio@fec30000
